109.03.25 13:44 B E:\site_agronomia\NINFA\site\sitefinal\images\1909.jpg --> www6.ufrgs.br /novo/images 1909.jpg
109.03.25 13:44 B E:\site_agronomia\NINFA\site\sitefinal\images\banner4.png --> www6.ufrgs.br /novo/images banner4.png
109.03.25 13:44 B E:\site_agronomia\NINFA\site\sitefinal\images\barraTitulo.gif --> www6.ufrgs.br /novo/images barraTitulo.gif
109.03.25 13:44 B E:\site_agronomia\NINFA\site\sitefinal\images\barraTitulo.png --> www6.ufrgs.br /novo/images barraTitulo.png
109.03.25 13:44 B E:\site_agronomia\NINFA\site\sitefinal\images\botao_administracao.gif --> www6.ufrgs.br /novo/images botao_administracao.gif
109.03.25 13:44 B E:\site_agronomia\NINFA\site\sitefinal\images\botao_administracao_mouseover.gif --> www6.ufrgs.br /novo/images botao_administracao_mouseover.gif
109.03.25 13:44 B E:\site_agronomia\NINFA\site\sitefinal\images\botao_biblioteca.gif --> www6.ufrgs.br /novo/images botao_biblioteca.gif
109.03.25 13:44 B E:\site_agronomia\NINFA\site\sitefinal\images\botao_biblioteca_mouseover.gif --> www6.ufrgs.br /novo/images botao_biblioteca_mouseover.gif
109.03.25 13:44 B E:\site_agronomia\NINFA\site\sitefinal\images\botao_departamentos.gif --> www6.ufrgs.br /novo/images botao_departamentos.gif
109.03.25 13:44 B E:\site_agronomia\NINFA\site\sitefinal\images\botao_departamentos_mouseover.gif --> www6.ufrgs.br /novo/images botao_departamentos_mouseover.gif
109.03.25 13:44 B E:\site_agronomia\NINFA\site\sitefinal\images\botao_ensino.gif --> www6.ufrgs.br /novo/images botao_ensino.gif
109.03.25 13:44 B E:\site_agronomia\NINFA\site\sitefinal\images\botao_ensino_mouseover.gif --> www6.ufrgs.br /novo/images botao_ensino_mouseover.gif
109.03.25 13:44 B E:\site_agronomia\NINFA\site\sitefinal\images\botao_laboratorios.gif --> www6.ufrgs.br /novo/images botao_laboratorios.gif
109.03.25 13:44 B E:\site_agronomia\NINFA\site\sitefinal\images\botao_laboratorios_mouseover.gif --> www6.ufrgs.br /novo/images botao_laboratorios_mouseover.gif
109.03.25 13:44 B E:\site_agronomia\NINFA\site\sitefinal\images\botao_pesquisa.gif --> www6.ufrgs.br /novo/images botao_pesquisa.gif
109.03.25 13:44 B E:\site_agronomia\NINFA\site\sitefinal\images\botao_pesquisa_mouseover.gif --> www6.ufrgs.br /novo/images botao_pesquisa_mouseover.gif
109.03.25 13:44 B E:\site_agronomia\NINFA\site\sitefinal\images\botao_portal.gif --> www6.ufrgs.br /novo/images botao_portal.gif
109.03.25 13:44 B E:\site_agronomia\NINFA\site\sitefinal\images\botao_portal_mouseover.gif --> www6.ufrgs.br /novo/images botao_portal_mouseover.gif
109.03.25 13:44 B E:\site_agronomia\NINFA\site\sitefinal\images\contace.gif --> www6.ufrgs.br /novo/images contace.gif
109.03.25 13:44 B E:\site_agronomia\NINFA\site\sitefinal\images\contcie.gif --> www6.ufrgs.br /novo/images contcie.gif
109.03.25 13:44 B E:\site_agronomia\NINFA\site\sitefinal\images\conteudo.gif --> www6.ufrgs.br /novo/images conteudo.gif
109.03.25 13:44 B E:\site_agronomia\NINFA\site\sitefinal\images\datajava.gif --> www6.ufrgs.br /novo/images datajava.gif
109.03.25 13:44 B E:\site_agronomia\NINFA\site\sitefinal\images\DSC01113.JPG --> www6.ufrgs.br /novo/images DSC01113.JPG
109.03.25 13:44 B E:\site_agronomia\NINFA\site\sitefinal\images\DSC01114.JPG --> www6.ufrgs.br /novo/images DSC01114.JPG
109.03.25 13:44 B E:\site_agronomia\NINFA\site\sitefinal\images\DSC01118.JPG --> www6.ufrgs.br /novo/images DSC01118.JPG
109.03.25 13:44 B E:\site_agronomia\NINFA\site\sitefinal\images\DSC01119.JPG --> www6.ufrgs.br /novo/images DSC01119.JPG
109.03.25 13:44 B E:\site_agronomia\NINFA\site\sitefinal\images\endfa.gif --> www6.ufrgs.br /novo/images endfa.gif
109.03.25 13:44 B E:\site_agronomia\NINFA\site\sitefinal\images\foto1990.jpg --> www6.ufrgs.br /novo/images foto1990.jpg
109.03.25 13:44 B E:\site_agronomia\NINFA\site\sitefinal\images\fotofaat.psd --> www6.ufrgs.br /novo/images fotofaat.psd
109.03.25 13:44 B E:\site_agronomia\NINFA\site\sitefinal\images\fotoflash.gif --> www6.ufrgs.br /novo/images fotoflash.gif
109.03.25 13:44 B E:\site_agronomia\NINFA\site\sitefinal\images\fundo_botoes.gif --> www6.ufrgs.br /novo/images fundo_botoes.gif
109.03.25 13:44 B E:\site_agronomia\NINFA\site\sitefinal\images\fundo_menu.png --> www6.ufrgs.br /novo/images fundo_menu.png
109.03.25 13:44 B E:\site_agronomia\NINFA\site\sitefinal\images\fundomural.gif --> www6.ufrgs.br /novo/images fundomural.gif
109.03.25 13:44 B E:\site_agronomia\NINFA\site\sitefinal\images\fundomural_out.gif --> www6.ufrgs.br /novo/images fundomural_out.gif
109.03.25 13:44 B E:\site_agronomia\NINFA\site\sitefinal\images\fundomural_over.gif --> www6.ufrgs.br /novo/images fundomural_over.gif
109.03.25 13:44 B E:\site_agronomia\NINFA\site\sitefinal\images\grupo.psd --> www6.ufrgs.br /novo/images grupo.psd
109.03.25 13:44 B E:\site_agronomia\NINFA\site\sitefinal\images\linha_hr.jpg --> www6.ufrgs.br /novo/images linha_hr.jpg
109.03.25 13:44 B E:\site_agronomia\NINFA\site\sitefinal\images\logofa.gif --> www6.ufrgs.br /novo/images logofa.gif
109.03.25 13:44 B E:\site_agronomia\NINFA\site\sitefinal\images\logofa.psd --> www6.ufrgs.br /novo/images logofa.psd
109.03.25 13:44 B E:\site_agronomia\NINFA\site\sitefinal\images\menubib.gif --> www6.ufrgs.br /novo/images menubib.gif
109.03.25 13:44 B E:\site_agronomia\NINFA\site\sitefinal\images\menucont.gif --> www6.ufrgs.br /novo/images menucont.gif
109.03.25 13:44 B E:\site_agronomia\NINFA\site\sitefinal\images\menudep.gif --> www6.ufrgs.br /novo/images menudep.gif
109.03.25 13:44 B E:\site_agronomia\NINFA\site\sitefinal\images\menuEsq.jpg --> www6.ufrgs.br /novo/images menuEsq.jpg
109.03.25 13:44 B E:\site_agronomia\NINFA\site\sitefinal\images\menuEsq.png --> www6.ufrgs.br /novo/images menuEsq.png
109.03.25 13:44 B E:\site_agronomia\NINFA\site\sitefinal\images\menuEsq1.gif --> www6.ufrgs.br /novo/images menuEsq1.gif
109.03.25 13:44 B E:\site_agronomia\NINFA\site\sitefinal\images\menuEsq1.jpg --> www6.ufrgs.br /novo/images menuEsq1.jpg
109.03.25 13:44 B E:\site_agronomia\NINFA\site\sitefinal\images\menuEsq2.gif --> www6.ufrgs.br /novo/images menuEsq2.gif
109.03.25 13:44 B E:\site_agronomia\NINFA\site\sitefinal\images\menuEsq2.jpg --> www6.ufrgs.br /novo/images menuEsq2.jpg
109.03.25 13:44 B E:\site_agronomia\NINFA\site\sitefinal\images\menuEsq3.gif --> www6.ufrgs.br /novo/images menuEsq3.gif
109.03.25 13:44 B E:\site_agronomia\NINFA\site\sitefinal\images\menuEsq3.jpg --> www6.ufrgs.br /novo/images menuEsq3.jpg
109.03.25 13:44 B E:\site_agronomia\NINFA\site\sitefinal\images\menuEsq4.gif --> www6.ufrgs.br /novo/images menuEsq4.gif
109.03.25 13:44 B E:\site_agronomia\NINFA\site\sitefinal\images\menuEsq4.jpg --> www6.ufrgs.br /novo/images menuEsq4.jpg
109.03.25 13:44 B E:\site_agronomia\NINFA\site\sitefinal\images\menuEsq5.gif --> www6.ufrgs.br /novo/images menuEsq5.gif
109.03.25 13:44 B E:\site_agronomia\NINFA\site\sitefinal\images\menuEsq5.jpg --> www6.ufrgs.br /novo/images menuEsq5.jpg
109.03.25 13:44 B E:\site_agronomia\NINFA\site\sitefinal\images\menugrad.gif --> www6.ufrgs.br /novo/images menugrad.gif
109.03.25 13:44 B E:\site_agronomia\NINFA\site\sitefinal\images\menuinst.gif --> www6.ufrgs.br /novo/images menuinst.gif
109.03.25 13:44 B E:\site_agronomia\NINFA\site\sitefinal\images\menuintra.gif --> www6.ufrgs.br /novo/images menuintra.gif
109.03.25 13:44 B E:\site_agronomia\NINFA\site\sitefinal\images\menulab.gif --> www6.ufrgs.br /novo/images menulab.gif
109.03.25 13:44 B E:\site_agronomia\NINFA\site\sitefinal\images\menupes.gif --> www6.ufrgs.br /novo/images menupes.gif
109.03.25 13:44 B E:\site_agronomia\NINFA\site\sitefinal\images\menupg.gif --> www6.ufrgs.br /novo/images menupg.gif
109.03.25 13:44 B E:\site_agronomia\NINFA\site\sitefinal\images\menuseg.gif --> www6.ufrgs.br /novo/images menuseg.gif
109.03.25 13:44 B E:\site_agronomia\NINFA\site\sitefinal\images\menuSupFundo.gif --> www6.ufrgs.br /novo/images menuSupFundo.gif
109.03.25 13:44 B E:\site_agronomia\NINFA\site\sitefinal\images\menuSupFundo.jpg --> www6.ufrgs.br /novo/images menuSupFundo.jpg
109.03.25 13:44 B E:\site_agronomia\NINFA\site\sitefinal\images\menuSupFundo.png --> www6.ufrgs.br /novo/images menuSupFundo.png
109.03.25 13:44 B E:\site_agronomia\NINFA\site\sitefinal\images\menuSupFundo2.jpg --> www6.ufrgs.br /novo/images menuSupFundo2.jpg
109.03.25 13:44 B E:\site_agronomia\NINFA\site\sitefinal\images\menuSupFundoMenus.jpg --> www6.ufrgs.br /novo/images menuSupFundoMenus.jpg
109.03.25 13:44 B E:\site_agronomia\NINFA\site\sitefinal\images\menuSupLinhaDivisoria.jpg --> www6.ufrgs.br /novo/images menuSupLinhaDivisoria.jpg
109.03.25 13:44 B E:\site_agronomia\NINFA\site\sitefinal\images\ninfa-logo-ideia3.jpg --> www6.ufrgs.br /novo/images ninfa-logo-ideia3.jpg
109.03.25 13:44 B E:\site_agronomia\NINFA\site\sitefinal\images\p1910.jpg --> www6.ufrgs.br /novo/images p1910.jpg
109.03.25 13:44 B E:\site_agronomia\NINFA\site\sitefinal\images\predioagroAntigo.jpg --> www6.ufrgs.br /novo/images predioagroAntigo.jpg
109.03.25 13:44 B E:\site_agronomia\NINFA\site\sitefinal\images\relogjava.gif --> www6.ufrgs.br /novo/images relogjava.gif
109.03.25 13:44 B E:\site_agronomia\NINFA\site\sitefinal\images\rodape.jpg --> www6.ufrgs.br /novo/images rodape.jpg
109.03.25 13:44 B E:\site_agronomia\NINFA\site\sitefinal\images\setaNoticias.gif --> www6.ufrgs.br /novo/images setaNoticias.gif
109.03.25 13:44 B E:\site_agronomia\NINFA\site\sitefinal\images\setaNoticias.png --> www6.ufrgs.br /novo/images setaNoticias.png
109.03.25 13:44 B E:\site_agronomia\NINFA\site\sitefinal\images\Thumbs.db --> www6.ufrgs.br /novo/images Thumbs.db
109.03.25 13:44 B E:\site_agronomia\NINFA\site\sitefinal\images\topoFundo.jpg --> www6.ufrgs.br /novo/images topoFundo.jpg
109.03.25 13:44 B E:\site_agronomia\NINFA\site\sitefinal\images\topoFundoFoto.jpg --> www6.ufrgs.br /novo/images topoFundoFoto.jpg
109.03.25 13:44 B E:\site_agronomia\NINFA\site\sitefinal\images\topoFundoFoto.png --> www6.ufrgs.br /novo/images topoFundoFoto.png
109.03.25 13:44 B E:\site_agronomia\NINFA\site\sitefinal\images\topoFundoFoto2.jpg --> www6.ufrgs.br /novo/images topoFundoFoto2.jpg
109.03.25 13:44 B E:\site_agronomia\NINFA\site\sitefinal\images\ufrgsfundo.jpg --> www6.ufrgs.br /novo/images ufrgsfundo.jpg
109.03.25 13:50 B E:\site_agronomia\NINFA\site\sitefinal\images\1909.jpg --> www6.ufrgs.br /novo/images 1909.jpg
109.03.25 13:50 B E:\site_agronomia\NINFA\site\sitefinal\images\banner4.png --> www6.ufrgs.br /novo/images banner4.png
109.03.25 13:50 B E:\site_agronomia\NINFA\site\sitefinal\images\barraTitulo.gif --> www6.ufrgs.br /novo/images barraTitulo.gif
109.03.25 13:50 B E:\site_agronomia\NINFA\site\sitefinal\images\barraTitulo.png --> www6.ufrgs.br /novo/images barraTitulo.png
109.03.25 13:50 B E:\site_agronomia\NINFA\site\sitefinal\images\botao_administracao.gif --> www6.ufrgs.br /novo/images botao_administracao.gif
109.03.25 13:50 B E:\site_agronomia\NINFA\site\sitefinal\images\botao_administracao_mouseover.gif --> www6.ufrgs.br /novo/images botao_administracao_mouseover.gif
109.03.25 13:50 B E:\site_agronomia\NINFA\site\sitefinal\images\botao_biblioteca.gif --> www6.ufrgs.br /novo/images botao_biblioteca.gif
109.03.25 13:50 B E:\site_agronomia\NINFA\site\sitefinal\images\botao_biblioteca_mouseover.gif --> www6.ufrgs.br /novo/images botao_biblioteca_mouseover.gif
109.03.25 13:50 B E:\site_agronomia\NINFA\site\sitefinal\images\botao_departamentos.gif --> www6.ufrgs.br /novo/images botao_departamentos.gif
109.03.25 13:50 B E:\site_agronomia\NINFA\site\sitefinal\images\botao_departamentos_mouseover.gif --> www6.ufrgs.br /novo/images botao_departamentos_mouseover.gif
109.03.25 13:50 B E:\site_agronomia\NINFA\site\sitefinal\images\botao_ensino.gif --> www6.ufrgs.br /novo/images botao_ensino.gif
109.03.25 13:50 B E:\site_agronomia\NINFA\site\sitefinal\images\botao_ensino_mouseover.gif --> www6.ufrgs.br /novo/images botao_ensino_mouseover.gif
109.03.25 13:50 B E:\site_agronomia\NINFA\site\sitefinal\images\botao_laboratorios.gif --> www6.ufrgs.br /novo/images botao_laboratorios.gif
109.03.25 13:50 B E:\site_agronomia\NINFA\site\sitefinal\images\botao_laboratorios_mouseover.gif --> www6.ufrgs.br /novo/images botao_laboratorios_mouseover.gif
109.03.25 13:50 B E:\site_agronomia\NINFA\site\sitefinal\images\botao_pesquisa.gif --> www6.ufrgs.br /novo/images botao_pesquisa.gif
109.03.25 13:50 B E:\site_agronomia\NINFA\site\sitefinal\images\botao_pesquisa_mouseover.gif --> www6.ufrgs.br /novo/images botao_pesquisa_mouseover.gif
109.03.25 13:50 B E:\site_agronomia\NINFA\site\sitefinal\images\botao_portal.gif --> www6.ufrgs.br /novo/images botao_portal.gif
109.03.25 13:50 B E:\site_agronomia\NINFA\site\sitefinal\images\botao_portal_mouseover.gif --> www6.ufrgs.br /novo/images botao_portal_mouseover.gif
109.03.25 13:50 B E:\site_agronomia\NINFA\site\sitefinal\images\contace.gif --> www6.ufrgs.br /novo/images contace.gif
109.03.25 13:50 B E:\site_agronomia\NINFA\site\sitefinal\images\contcie.gif --> www6.ufrgs.br /novo/images contcie.gif
109.03.25 13:50 B E:\site_agronomia\NINFA\site\sitefinal\images\conteudo.gif --> www6.ufrgs.br /novo/images conteudo.gif
109.03.25 13:50 B E:\site_agronomia\NINFA\site\sitefinal\images\datajava.gif --> www6.ufrgs.br /novo/images datajava.gif
109.03.25 13:50 B E:\site_agronomia\NINFA\site\sitefinal\images\DSC01113.JPG --> www6.ufrgs.br /novo/images DSC01113.JPG
109.03.25 13:50 B E:\site_agronomia\NINFA\site\sitefinal\images\DSC01114.JPG --> www6.ufrgs.br /novo/images DSC01114.JPG
109.03.25 13:50 B E:\site_agronomia\NINFA\site\sitefinal\images\DSC01118.JPG --> www6.ufrgs.br /novo/images DSC01118.JPG
109.03.25 13:50 B E:\site_agronomia\NINFA\site\sitefinal\images\DSC01119.JPG --> www6.ufrgs.br /novo/images DSC01119.JPG
109.03.25 13:50 B E:\site_agronomia\NINFA\site\sitefinal\images\endfa.gif --> www6.ufrgs.br /novo/images endfa.gif
109.03.25 13:50 B E:\site_agronomia\NINFA\site\sitefinal\images\foto1990.jpg --> www6.ufrgs.br /novo/images foto1990.jpg
109.03.25 13:50 B E:\site_agronomia\NINFA\site\sitefinal\images\fotofaat.psd --> www6.ufrgs.br /novo/images fotofaat.psd
109.03.25 13:50 B E:\site_agronomia\NINFA\site\sitefinal\images\fotoflash.gif --> www6.ufrgs.br /novo/images fotoflash.gif
109.03.25 13:50 B E:\site_agronomia\NINFA\site\sitefinal\images\fundo_botoes.gif --> www6.ufrgs.br /novo/images fundo_botoes.gif
109.03.25 13:50 B E:\site_agronomia\NINFA\site\sitefinal\images\fundo_menu.png --> www6.ufrgs.br /novo/images fundo_menu.png
109.03.25 13:50 B E:\site_agronomia\NINFA\site\sitefinal\images\fundomural.gif --> www6.ufrgs.br /novo/images fundomural.gif
109.03.25 13:50 B E:\site_agronomia\NINFA\site\sitefinal\images\fundomural_out.gif --> www6.ufrgs.br /novo/images fundomural_out.gif
109.03.25 13:50 B E:\site_agronomia\NINFA\site\sitefinal\images\fundomural_over.gif --> www6.ufrgs.br /novo/images fundomural_over.gif
109.03.25 13:50 B E:\site_agronomia\NINFA\site\sitefinal\images\grupo.psd --> www6.ufrgs.br /novo/images grupo.psd
109.03.25 13:50 B E:\site_agronomia\NINFA\site\sitefinal\images\linha_hr.jpg --> www6.ufrgs.br /novo/images linha_hr.jpg
109.03.25 13:50 B E:\site_agronomia\NINFA\site\sitefinal\images\logofa.gif --> www6.ufrgs.br /novo/images logofa.gif
109.03.25 13:50 B E:\site_agronomia\NINFA\site\sitefinal\images\logofa.psd --> www6.ufrgs.br /novo/images logofa.psd
109.03.25 13:50 B E:\site_agronomia\NINFA\site\sitefinal\images\menubib.gif --> www6.ufrgs.br /novo/images menubib.gif
109.03.25 13:50 B E:\site_agronomia\NINFA\site\sitefinal\images\menucont.gif --> www6.ufrgs.br /novo/images menucont.gif
109.03.25 13:50 B E:\site_agronomia\NINFA\site\sitefinal\images\menudep.gif --> www6.ufrgs.br /novo/images menudep.gif
109.03.25 13:50 B E:\site_agronomia\NINFA\site\sitefinal\images\menuEsq.jpg --> www6.ufrgs.br /novo/images menuEsq.jpg
109.03.25 13:50 B E:\site_agronomia\NINFA\site\sitefinal\images\menuEsq.png --> www6.ufrgs.br /novo/images menuEsq.png
109.03.25 13:50 B E:\site_agronomia\NINFA\site\sitefinal\images\menuEsq1.gif --> www6.ufrgs.br /novo/images menuEsq1.gif
109.03.25 13:50 B E:\site_agronomia\NINFA\site\sitefinal\images\menuEsq1.jpg --> www6.ufrgs.br /novo/images menuEsq1.jpg
109.03.25 13:50 B E:\site_agronomia\NINFA\site\sitefinal\images\menuEsq2.gif --> www6.ufrgs.br /novo/images menuEsq2.gif
109.03.25 13:50 B E:\site_agronomia\NINFA\site\sitefinal\images\menuEsq2.jpg --> www6.ufrgs.br /novo/images menuEsq2.jpg
109.03.25 13:50 B E:\site_agronomia\NINFA\site\sitefinal\images\menuEsq3.gif --> www6.ufrgs.br /novo/images menuEsq3.gif
109.03.25 13:50 B E:\site_agronomia\NINFA\site\sitefinal\images\menuEsq3.jpg --> www6.ufrgs.br /novo/images menuEsq3.jpg
109.03.25 13:50 B E:\site_agronomia\NINFA\site\sitefinal\images\menuEsq4.gif --> www6.ufrgs.br /novo/images menuEsq4.gif
109.03.25 13:50 B E:\site_agronomia\NINFA\site\sitefinal\images\menuEsq4.jpg --> www6.ufrgs.br /novo/images menuEsq4.jpg
109.03.25 13:50 B E:\site_agronomia\NINFA\site\sitefinal\images\menuEsq5.gif --> www6.ufrgs.br /novo/images menuEsq5.gif
109.03.25 13:50 B E:\site_agronomia\NINFA\site\sitefinal\images\menuEsq5.jpg --> www6.ufrgs.br /novo/images menuEsq5.jpg
109.03.25 13:50 B E:\site_agronomia\NINFA\site\sitefinal\images\menugrad.gif --> www6.ufrgs.br /novo/images menugrad.gif
109.03.25 13:50 B E:\site_agronomia\NINFA\site\sitefinal\images\menuinst.gif --> www6.ufrgs.br /novo/images menuinst.gif
109.03.25 13:50 B E:\site_agronomia\NINFA\site\sitefinal\images\menuintra.gif --> www6.ufrgs.br /novo/images menuintra.gif
109.03.25 13:50 B E:\site_agronomia\NINFA\site\sitefinal\images\menulab.gif --> www6.ufrgs.br /novo/images menulab.gif
109.03.25 13:50 B E:\site_agronomia\NINFA\site\sitefinal\images\menupes.gif --> www6.ufrgs.br /novo/images menupes.gif
109.03.25 13:50 B E:\site_agronomia\NINFA\site\sitefinal\images\menupg.gif --> www6.ufrgs.br /novo/images menupg.gif
109.03.25 13:50 B E:\site_agronomia\NINFA\site\sitefinal\images\menuseg.gif --> www6.ufrgs.br /novo/images menuseg.gif
109.03.25 13:50 B E:\site_agronomia\NINFA\site\sitefinal\images\menuSupFundo.gif --> www6.ufrgs.br /novo/images menuSupFundo.gif
109.03.25 13:50 B E:\site_agronomia\NINFA\site\sitefinal\images\menuSupFundo.jpg --> www6.ufrgs.br /novo/images menuSupFundo.jpg
109.03.25 13:50 B E:\site_agronomia\NINFA\site\sitefinal\images\menuSupFundo.png --> www6.ufrgs.br /novo/images menuSupFundo.png
109.03.25 13:50 B E:\site_agronomia\NINFA\site\sitefinal\images\menuSupFundo2.jpg --> www6.ufrgs.br /novo/images menuSupFundo2.jpg
109.03.25 13:50 B E:\site_agronomia\NINFA\site\sitefinal\images\menuSupFundoMenus.jpg --> www6.ufrgs.br /novo/images menuSupFundoMenus.jpg
109.03.25 13:50 B E:\site_agronomia\NINFA\site\sitefinal\images\menuSupLinhaDivisoria.jpg --> www6.ufrgs.br /novo/images menuSupLinhaDivisoria.jpg
109.03.25 13:50 B E:\site_agronomia\NINFA\site\sitefinal\images\ninfa-logo-ideia3.jpg --> www6.ufrgs.br /novo/images ninfa-logo-ideia3.jpg
109.03.25 13:50 B E:\site_agronomia\NINFA\site\sitefinal\images\p1910.jpg --> www6.ufrgs.br /novo/images p1910.jpg
109.03.25 13:50 B E:\site_agronomia\NINFA\site\sitefinal\images\predioagroAntigo.jpg --> www6.ufrgs.br /novo/images predioagroAntigo.jpg
109.03.25 13:50 B E:\site_agronomia\NINFA\site\sitefinal\images\relogjava.gif --> www6.ufrgs.br /novo/images relogjava.gif
109.03.25 13:50 B E:\site_agronomia\NINFA\site\sitefinal\images\rodape.jpg --> www6.ufrgs.br /novo/images rodape.jpg
109.03.25 13:50 B E:\site_agronomia\NINFA\site\sitefinal\images\setaNoticias.gif --> www6.ufrgs.br /novo/images setaNoticias.gif
109.03.25 13:50 B E:\site_agronomia\NINFA\site\sitefinal\images\setaNoticias.png --> www6.ufrgs.br /novo/images setaNoticias.png
109.03.25 13:50 B E:\site_agronomia\NINFA\site\sitefinal\images\Thumbs.db --> www6.ufrgs.br /novo/images Thumbs.db
109.03.25 13:50 B E:\site_agronomia\NINFA\site\sitefinal\images\topoFundo.jpg --> www6.ufrgs.br /novo/images topoFundo.jpg
109.03.25 13:50 B E:\site_agronomia\NINFA\site\sitefinal\images\topoFundoFoto.jpg --> www6.ufrgs.br /novo/images topoFundoFoto.jpg
109.03.25 13:50 B E:\site_agronomia\NINFA\site\sitefinal\images\topoFundoFoto.png --> www6.ufrgs.br /novo/images topoFundoFoto.png
109.03.25 13:50 B E:\site_agronomia\NINFA\site\sitefinal\images\topoFundoFoto2.jpg --> www6.ufrgs.br /novo/images topoFundoFoto2.jpg
109.03.25 13:50 B E:\site_agronomia\NINFA\site\sitefinal\images\ufrgsfundo.jpg --> www6.ufrgs.br /novo/images ufrgsfundo.jpg
109.03.25 13:50 B E:\site_agronomia\NINFA\site\sitefinal\images\WS_FTP.LOG --> www6.ufrgs.br /novo/images WS_FTP.LOG
109.03.25 13:55 B E:\site_agronomia\NINFA\site\sitefinal\images\1909.jpg --> www6.ufrgs.br /novo/images 1909.jpg
109.03.25 13:55 B E:\site_agronomia\NINFA\site\sitefinal\images\banner4.png --> www6.ufrgs.br /novo/images banner4.png
109.03.25 13:55 B E:\site_agronomia\NINFA\site\sitefinal\images\barraTitulo.gif --> www6.ufrgs.br /novo/images barraTitulo.gif
109.03.25 13:55 B E:\site_agronomia\NINFA\site\sitefinal\images\barraTitulo.png --> www6.ufrgs.br /novo/images barraTitulo.png
109.03.25 13:55 B E:\site_agronomia\NINFA\site\sitefinal\images\botao_administracao.gif --> www6.ufrgs.br /novo/images botao_administracao.gif
109.03.25 13:55 B E:\site_agronomia\NINFA\site\sitefinal\images\botao_administracao_mouseover.gif --> www6.ufrgs.br /novo/images botao_administracao_mouseover.gif
109.03.25 13:55 B E:\site_agronomia\NINFA\site\sitefinal\images\botao_biblioteca.gif --> www6.ufrgs.br /novo/images botao_biblioteca.gif
109.03.25 13:55 B E:\site_agronomia\NINFA\site\sitefinal\images\botao_biblioteca_mouseover.gif --> www6.ufrgs.br /novo/images botao_biblioteca_mouseover.gif
109.03.25 13:55 B E:\site_agronomia\NINFA\site\sitefinal\images\botao_departamentos.gif --> www6.ufrgs.br /novo/images botao_departamentos.gif
109.03.25 13:55 B E:\site_agronomia\NINFA\site\sitefinal\images\botao_departamentos_mouseover.gif --> www6.ufrgs.br /novo/images botao_departamentos_mouseover.gif
109.03.25 13:55 B E:\site_agronomia\NINFA\site\sitefinal\images\botao_ensino.gif --> www6.ufrgs.br /novo/images botao_ensino.gif
109.03.25 13:55 B E:\site_agronomia\NINFA\site\sitefinal\images\botao_ensino_mouseover.gif --> www6.ufrgs.br /novo/images botao_ensino_mouseover.gif
109.03.25 13:55 B E:\site_agronomia\NINFA\site\sitefinal\images\botao_laboratorios.gif --> www6.ufrgs.br /novo/images botao_laboratorios.gif
109.03.25 13:55 B E:\site_agronomia\NINFA\site\sitefinal\images\botao_laboratorios_mouseover.gif --> www6.ufrgs.br /novo/images botao_laboratorios_mouseover.gif
109.03.25 13:55 B E:\site_agronomia\NINFA\site\sitefinal\images\botao_pesquisa.gif --> www6.ufrgs.br /novo/images botao_pesquisa.gif
109.03.25 13:55 B E:\site_agronomia\NINFA\site\sitefinal\images\botao_pesquisa_mouseover.gif --> www6.ufrgs.br /novo/images botao_pesquisa_mouseover.gif
109.03.25 13:55 B E:\site_agronomia\NINFA\site\sitefinal\images\botao_portal.gif --> www6.ufrgs.br /novo/images botao_portal.gif
109.03.25 13:55 B E:\site_agronomia\NINFA\site\sitefinal\images\botao_portal_mouseover.gif --> www6.ufrgs.br /novo/images botao_portal_mouseover.gif
109.03.25 13:55 B E:\site_agronomia\NINFA\site\sitefinal\images\contace.gif --> www6.ufrgs.br /novo/images contace.gif
109.03.25 13:55 B E:\site_agronomia\NINFA\site\sitefinal\images\contcie.gif --> www6.ufrgs.br /novo/images contcie.gif
109.03.25 13:55 B E:\site_agronomia\NINFA\site\sitefinal\images\conteudo.gif --> www6.ufrgs.br /novo/images conteudo.gif
109.03.25 13:55 B E:\site_agronomia\NINFA\site\sitefinal\images\datajava.gif --> www6.ufrgs.br /novo/images datajava.gif
109.03.25 13:55 B E:\site_agronomia\NINFA\site\sitefinal\images\DSC01113.JPG --> www6.ufrgs.br /novo/images DSC01113.JPG
109.03.25 13:55 B E:\site_agronomia\NINFA\site\sitefinal\images\DSC01114.JPG --> www6.ufrgs.br /novo/images DSC01114.JPG
109.03.25 13:55 B E:\site_agronomia\NINFA\site\sitefinal\images\DSC01118.JPG --> www6.ufrgs.br /novo/images DSC01118.JPG
109.03.25 13:55 B E:\site_agronomia\NINFA\site\sitefinal\images\DSC01119.JPG --> www6.ufrgs.br /novo/images DSC01119.JPG
109.03.25 13:55 B E:\site_agronomia\NINFA\site\sitefinal\images\endfa.gif --> www6.ufrgs.br /novo/images endfa.gif
109.03.25 13:55 B E:\site_agronomia\NINFA\site\sitefinal\images\foto1990.jpg --> www6.ufrgs.br /novo/images foto1990.jpg
109.03.25 13:55 B E:\site_agronomia\NINFA\site\sitefinal\images\fotofaat.psd --> www6.ufrgs.br /novo/images fotofaat.psd
109.03.25 13:55 B E:\site_agronomia\NINFA\site\sitefinal\images\fotoflash.gif --> www6.ufrgs.br /novo/images fotoflash.gif
109.03.25 13:55 B E:\site_agronomia\NINFA\site\sitefinal\images\fundo_botoes.gif --> www6.ufrgs.br /novo/images fundo_botoes.gif
109.03.25 13:55 B E:\site_agronomia\NINFA\site\sitefinal\images\fundo_menu.png --> www6.ufrgs.br /novo/images fundo_menu.png
109.03.25 13:55 B E:\site_agronomia\NINFA\site\sitefinal\images\fundomural.gif --> www6.ufrgs.br /novo/images fundomural.gif
109.03.25 13:55 B E:\site_agronomia\NINFA\site\sitefinal\images\fundomural_out.gif --> www6.ufrgs.br /novo/images fundomural_out.gif
109.03.25 13:55 B E:\site_agronomia\NINFA\site\sitefinal\images\fundomural_over.gif --> www6.ufrgs.br /novo/images fundomural_over.gif
109.03.25 13:55 B E:\site_agronomia\NINFA\site\sitefinal\images\grupo.psd --> www6.ufrgs.br /novo/images grupo.psd
109.03.25 13:55 B E:\site_agronomia\NINFA\site\sitefinal\images\linha_hr.jpg --> www6.ufrgs.br /novo/images linha_hr.jpg
109.03.25 13:55 B E:\site_agronomia\NINFA\site\sitefinal\images\logofa.gif --> www6.ufrgs.br /novo/images logofa.gif
109.03.25 13:55 B E:\site_agronomia\NINFA\site\sitefinal\images\logofa.psd --> www6.ufrgs.br /novo/images logofa.psd
109.03.25 13:55 B E:\site_agronomia\NINFA\site\sitefinal\images\menubib.gif --> www6.ufrgs.br /novo/images menubib.gif
109.03.25 13:55 B E:\site_agronomia\NINFA\site\sitefinal\images\menucont.gif --> www6.ufrgs.br /novo/images menucont.gif
109.03.25 13:55 B E:\site_agronomia\NINFA\site\sitefinal\images\menudep.gif --> www6.ufrgs.br /novo/images menudep.gif
109.03.25 13:55 B E:\site_agronomia\NINFA\site\sitefinal\images\menuEsq.jpg --> www6.ufrgs.br /novo/images menuEsq.jpg
109.03.25 13:55 B E:\site_agronomia\NINFA\site\sitefinal\images\menuEsq.png --> www6.ufrgs.br /novo/images menuEsq.png
109.03.25 13:55 B E:\site_agronomia\NINFA\site\sitefinal\images\menuEsq1.gif --> www6.ufrgs.br /novo/images menuEsq1.gif
109.03.25 13:55 B E:\site_agronomia\NINFA\site\sitefinal\images\menuEsq1.jpg --> www6.ufrgs.br /novo/images menuEsq1.jpg
109.03.25 13:55 B E:\site_agronomia\NINFA\site\sitefinal\images\menuEsq2.gif --> www6.ufrgs.br /novo/images menuEsq2.gif
109.03.25 13:55 B E:\site_agronomia\NINFA\site\sitefinal\images\menuEsq2.jpg --> www6.ufrgs.br /novo/images menuEsq2.jpg
109.03.25 13:55 B E:\site_agronomia\NINFA\site\sitefinal\images\menuEsq3.gif --> www6.ufrgs.br /novo/images menuEsq3.gif
109.03.25 13:56 B E:\site_agronomia\NINFA\site\sitefinal\images\menuEsq3.jpg --> www6.ufrgs.br /novo/images menuEsq3.jpg
109.03.25 13:56 B E:\site_agronomia\NINFA\site\sitefinal\images\menuEsq4.gif --> www6.ufrgs.br /novo/images menuEsq4.gif
109.03.25 13:56 B E:\site_agronomia\NINFA\site\sitefinal\images\menuEsq4.jpg --> www6.ufrgs.br /novo/images menuEsq4.jpg
109.03.25 13:56 B E:\site_agronomia\NINFA\site\sitefinal\images\menuEsq5.gif --> www6.ufrgs.br /novo/images menuEsq5.gif
109.03.25 13:56 B E:\site_agronomia\NINFA\site\sitefinal\images\menuEsq5.jpg --> www6.ufrgs.br /novo/images menuEsq5.jpg
109.03.25 13:56 B E:\site_agronomia\NINFA\site\sitefinal\images\menugrad.gif --> www6.ufrgs.br /novo/images menugrad.gif
109.03.25 13:56 B E:\site_agronomia\NINFA\site\sitefinal\images\menuinst.gif --> www6.ufrgs.br /novo/images menuinst.gif
109.03.25 13:56 B E:\site_agronomia\NINFA\site\sitefinal\images\menuintra.gif --> www6.ufrgs.br /novo/images menuintra.gif
109.03.25 13:56 B E:\site_agronomia\NINFA\site\sitefinal\images\menulab.gif --> www6.ufrgs.br /novo/images menulab.gif
109.03.25 13:56 B E:\site_agronomia\NINFA\site\sitefinal\images\menupes.gif --> www6.ufrgs.br /novo/images menupes.gif
109.03.25 13:56 B E:\site_agronomia\NINFA\site\sitefinal\images\menupg.gif --> www6.ufrgs.br /novo/images menupg.gif
109.03.25 13:56 B E:\site_agronomia\NINFA\site\sitefinal\images\menuseg.gif --> www6.ufrgs.br /novo/images menuseg.gif
109.03.25 13:56 B E:\site_agronomia\NINFA\site\sitefinal\images\menuSupFundo.gif --> www6.ufrgs.br /novo/images menuSupFundo.gif
109.03.25 13:56 B E:\site_agronomia\NINFA\site\sitefinal\images\menuSupFundo.jpg --> www6.ufrgs.br /novo/images menuSupFundo.jpg
109.03.25 13:56 B E:\site_agronomia\NINFA\site\sitefinal\images\menuSupFundo.png --> www6.ufrgs.br /novo/images menuSupFundo.png
109.03.25 13:56 B E:\site_agronomia\NINFA\site\sitefinal\images\menuSupFundo2.jpg --> www6.ufrgs.br /novo/images menuSupFundo2.jpg
109.03.25 13:56 B E:\site_agronomia\NINFA\site\sitefinal\images\menuSupFundoMenus.jpg --> www6.ufrgs.br /novo/images menuSupFundoMenus.jpg
109.03.25 13:56 B E:\site_agronomia\NINFA\site\sitefinal\images\menuSupLinhaDivisoria.jpg --> www6.ufrgs.br /novo/images menuSupLinhaDivisoria.jpg
109.03.25 13:56 B E:\site_agronomia\NINFA\site\sitefinal\images\ninfa-logo-ideia3.jpg --> www6.ufrgs.br /novo/images ninfa-logo-ideia3.jpg
109.03.25 13:56 B E:\site_agronomia\NINFA\site\sitefinal\images\p1910.jpg --> www6.ufrgs.br /novo/images p1910.jpg
109.03.25 13:56 B E:\site_agronomia\NINFA\site\sitefinal\images\predioagroAntigo.jpg --> www6.ufrgs.br /novo/images predioagroAntigo.jpg
109.03.25 13:56 B E:\site_agronomia\NINFA\site\sitefinal\images\relogjava.gif --> www6.ufrgs.br /novo/images relogjava.gif
109.03.25 13:56 B E:\site_agronomia\NINFA\site\sitefinal\images\rodape.jpg --> www6.ufrgs.br /novo/images rodape.jpg
109.03.25 13:56 B E:\site_agronomia\NINFA\site\sitefinal\images\setaNoticias.gif --> www6.ufrgs.br /novo/images setaNoticias.gif
109.03.25 13:56 B E:\site_agronomia\NINFA\site\sitefinal\images\setaNoticias.png --> www6.ufrgs.br /novo/images setaNoticias.png
109.03.25 13:56 B E:\site_agronomia\NINFA\site\sitefinal\images\Thumbs.db --> www6.ufrgs.br /novo/images Thumbs.db
109.03.25 13:56 B E:\site_agronomia\NINFA\site\sitefinal\images\topoFundo.jpg --> www6.ufrgs.br /novo/images topoFundo.jpg
109.03.25 13:56 B E:\site_agronomia\NINFA\site\sitefinal\images\topoFundoFoto.jpg --> www6.ufrgs.br /novo/images topoFundoFoto.jpg
109.03.25 13:56 B E:\site_agronomia\NINFA\site\sitefinal\images\topoFundoFoto.png --> www6.ufrgs.br /novo/images topoFundoFoto.png
109.03.25 13:56 B E:\site_agronomia\NINFA\site\sitefinal\images\topoFundoFoto2.jpg --> www6.ufrgs.br /novo/images topoFundoFoto2.jpg
109.03.25 13:56 B E:\site_agronomia\NINFA\site\sitefinal\images\ufrgsfundo.jpg --> www6.ufrgs.br /novo/images ufrgsfundo.jpg
109.03.26 09:00 B E:\novo\images\WS_FTP.LOG <-- WS_FTP32 /novo/images WS_FTP.LOG
109.04.03 14:13 B E:\novo\images\1909.jpg --> www6.ufrgs.br /novo/images 1909.jpg
109.04.03 14:13 B E:\novo\images\banner4.png --> www6.ufrgs.br /novo/images banner4.png
109.04.03 14:13 B E:\novo\images\barraTitulo.gif --> www6.ufrgs.br /novo/images barraTitulo.gif
109.04.03 14:13 B E:\novo\images\barraTitulo.png --> www6.ufrgs.br /novo/images barraTitulo.png
109.04.03 14:13 B E:\novo\images\botao_administracao.gif --> www6.ufrgs.br /novo/images botao_administracao.gif
109.04.03 14:13 B E:\novo\images\botao_administracao_mouseover.gif --> www6.ufrgs.br /novo/images botao_administracao_mouseover.gif
109.04.03 14:13 B E:\novo\images\botao_biblioteca.gif --> www6.ufrgs.br /novo/images botao_biblioteca.gif
109.04.03 14:13 B E:\novo\images\botao_biblioteca_mouseover.gif --> www6.ufrgs.br /novo/images botao_biblioteca_mouseover.gif
109.04.03 14:13 B E:\novo\images\botao_departamentos.gif --> www6.ufrgs.br /novo/images botao_departamentos.gif
109.04.03 14:13 B E:\novo\images\botao_departamentos_mouseover.gif --> www6.ufrgs.br /novo/images botao_departamentos_mouseover.gif
109.04.03 14:13 B E:\novo\images\botao_ensino.gif --> www6.ufrgs.br /novo/images botao_ensino.gif
109.04.03 14:13 B E:\novo\images\botao_ensino_mouseover.gif --> www6.ufrgs.br /novo/images botao_ensino_mouseover.gif
109.04.03 14:13 B E:\novo\images\botao_laboratorios.gif --> www6.ufrgs.br /novo/images botao_laboratorios.gif
109.04.03 14:13 B E:\novo\images\botao_laboratorios_mouseover.gif --> www6.ufrgs.br /novo/images botao_laboratorios_mouseover.gif
109.04.03 14:13 B E:\novo\images\botao_pesquisa.gif --> www6.ufrgs.br /novo/images botao_pesquisa.gif
109.04.03 14:13 B E:\novo\images\botao_pesquisa_mouseover.gif --> www6.ufrgs.br /novo/images botao_pesquisa_mouseover.gif
109.04.03 14:13 B E:\novo\images\botao_portal.gif --> www6.ufrgs.br /novo/images botao_portal.gif
109.04.03 14:13 B E:\novo\images\botao_portal_mouseover.gif --> www6.ufrgs.br /novo/images botao_portal_mouseover.gif
109.04.03 14:13 B E:\novo\images\contace.gif --> www6.ufrgs.br /novo/images contace.gif
109.04.03 14:13 B E:\novo\images\contcie.gif --> www6.ufrgs.br /novo/images contcie.gif
109.04.03 14:13 B E:\novo\images\conteudo.gif --> www6.ufrgs.br /novo/images conteudo.gif
109.04.03 14:13 B E:\novo\images\datajava.gif --> www6.ufrgs.br /novo/images datajava.gif
109.04.03 14:13 B E:\novo\images\DSC01113.JPG --> www6.ufrgs.br /novo/images DSC01113.JPG
109.04.03 14:13 B E:\novo\images\DSC01114.JPG --> www6.ufrgs.br /novo/images DSC01114.JPG
109.04.03 14:13 B E:\novo\images\DSC01118.JPG --> www6.ufrgs.br /novo/images DSC01118.JPG
109.04.03 14:13 B E:\novo\images\DSC01119.JPG --> www6.ufrgs.br /novo/images DSC01119.JPG
109.04.03 14:13 B E:\novo\images\endfa.gif --> www6.ufrgs.br /novo/images endfa.gif
109.04.03 14:13 B E:\novo\images\estacaoagronomica.jpg --> www6.ufrgs.br /novo/images estacaoagronomica.jpg
109.04.03 14:13 B E:\novo\images\foto1990.jpg --> www6.ufrgs.br /novo/images foto1990.jpg
109.04.03 14:13 B E:\novo\images\fotofaat.psd --> www6.ufrgs.br /novo/images fotofaat.psd
109.04.03 14:13 B E:\novo\images\fotoflash.gif --> www6.ufrgs.br /novo/images fotoflash.gif
109.04.03 14:13 B E:\novo\images\fundo_botoes.gif --> www6.ufrgs.br /novo/images fundo_botoes.gif
109.04.03 14:13 B E:\novo\images\fundo_menu.png --> www6.ufrgs.br /novo/images fundo_menu.png
109.04.03 14:13 B E:\novo\images\fundomural.gif --> www6.ufrgs.br /novo/images fundomural.gif
109.04.03 14:13 B E:\novo\images\fundomural_out.gif --> www6.ufrgs.br /novo/images fundomural_out.gif
109.04.03 14:13 B E:\novo\images\fundomural_over.gif --> www6.ufrgs.br /novo/images fundomural_over.gif
109.04.03 14:13 B E:\novo\images\grupo.psd --> www6.ufrgs.br /novo/images grupo.psd
109.04.03 14:13 B E:\novo\images\linha_hr.jpg --> www6.ufrgs.br /novo/images linha_hr.jpg
109.04.03 14:13 B E:\novo\images\logofa.gif --> www6.ufrgs.br /novo/images logofa.gif
109.04.03 14:13 B E:\novo\images\logofa.psd --> www6.ufrgs.br /novo/images logofa.psd
109.04.03 14:13 B E:\novo\images\menubib.gif --> www6.ufrgs.br /novo/images menubib.gif
109.04.03 14:13 B E:\novo\images\menucont.gif --> www6.ufrgs.br /novo/images menucont.gif
109.04.03 14:13 B E:\novo\images\menudep.gif --> www6.ufrgs.br /novo/images menudep.gif
109.04.03 14:13 B E:\novo\images\menuEsq.jpg --> www6.ufrgs.br /novo/images menuEsq.jpg
109.04.03 14:13 B E:\novo\images\menuEsq.png --> www6.ufrgs.br /novo/images menuEsq.png
109.04.03 14:13 B E:\novo\images\menuEsq1.gif --> www6.ufrgs.br /novo/images menuEsq1.gif
109.04.03 14:13 B E:\novo\images\menuEsq1.jpg --> www6.ufrgs.br /novo/images menuEsq1.jpg
109.04.03 14:13 B E:\novo\images\menuEsq2.gif --> www6.ufrgs.br /novo/images menuEsq2.gif
109.04.03 14:13 B E:\novo\images\menuEsq2.jpg --> www6.ufrgs.br /novo/images menuEsq2.jpg
109.04.03 14:13 B E:\novo\images\menuEsq3.gif --> www6.ufrgs.br /novo/images menuEsq3.gif
109.04.03 14:13 B E:\novo\images\menuEsq3.jpg --> www6.ufrgs.br /novo/images menuEsq3.jpg
109.04.03 14:13 B E:\novo\images\menuEsq4.gif --> www6.ufrgs.br /novo/images menuEsq4.gif
109.04.03 14:13 B E:\novo\images\menuEsq4.jpg --> www6.ufrgs.br /novo/images menuEsq4.jpg
109.04.03 14:13 B E:\novo\images\menuEsq5.gif --> www6.ufrgs.br /novo/images menuEsq5.gif
109.04.03 14:13 B E:\novo\images\menuEsq5.jpg --> www6.ufrgs.br /novo/images menuEsq5.jpg
109.04.03 14:13 B E:\novo\images\menugrad.gif --> www6.ufrgs.br /novo/images menugrad.gif
109.04.03 14:13 B E:\novo\images\menuinst.gif --> www6.ufrgs.br /novo/images menuinst.gif
109.04.03 14:13 B E:\novo\images\menuintra.gif --> www6.ufrgs.br /novo/images menuintra.gif
109.04.03 14:13 B E:\novo\images\menulab.gif --> www6.ufrgs.br /novo/images menulab.gif
109.04.03 14:13 B E:\novo\images\menupes.gif --> www6.ufrgs.br /novo/images menupes.gif
109.04.03 14:13 B E:\novo\images\menupg.gif --> www6.ufrgs.br /novo/images menupg.gif
109.04.03 14:13 B E:\novo\images\menuseg.gif --> www6.ufrgs.br /novo/images menuseg.gif
109.04.03 14:13 B E:\novo\images\menuSupFundo.gif --> www6.ufrgs.br /novo/images menuSupFundo.gif
109.04.03 14:13 B E:\novo\images\menuSupFundo.jpg --> www6.ufrgs.br /novo/images menuSupFundo.jpg
109.04.03 14:13 B E:\novo\images\menuSupFundo.png --> www6.ufrgs.br /novo/images menuSupFundo.png
109.04.03 14:13 B E:\novo\images\menuSupFundo2.jpg --> www6.ufrgs.br /novo/images menuSupFundo2.jpg
109.04.03 14:13 B E:\novo\images\menuSupFundoMenus.jpg --> www6.ufrgs.br /novo/images menuSupFundoMenus.jpg
109.04.03 14:13 B E:\novo\images\menuSupLinhaDivisoria.jpg --> www6.ufrgs.br /novo/images menuSupLinhaDivisoria.jpg
109.04.03 14:13 B E:\novo\images\ninfa-logo-ideia3.jpg --> www6.ufrgs.br /novo/images ninfa-logo-ideia3.jpg
109.04.03 14:13 B E:\novo\images\p1910.jpg --> www6.ufrgs.br /novo/images p1910.jpg
109.04.03 14:13 B E:\novo\images\predioagroAntigo.jpg --> www6.ufrgs.br /novo/images predioagroAntigo.jpg
109.04.03 14:13 B E:\novo\images\relogjava.gif --> www6.ufrgs.br /novo/images relogjava.gif
109.04.03 14:13 B E:\novo\images\rodape.jpg --> www6.ufrgs.br /novo/images rodape.jpg
109.04.03 14:13 B E:\novo\images\setaNoticias.gif --> www6.ufrgs.br /novo/images setaNoticias.gif
109.04.03 14:13 B E:\novo\images\setaNoticias.png --> www6.ufrgs.br /novo/images setaNoticias.png
109.04.03 14:13 B E:\novo\images\Thumbs.db --> www6.ufrgs.br /novo/images Thumbs.db
109.04.03 14:13 B E:\novo\images\topoFundo.jpg --> www6.ufrgs.br /novo/images topoFundo.jpg
109.04.03 14:13 B E:\novo\images\topoFundoFoto.jpg --> www6.ufrgs.br /novo/images topoFundoFoto.jpg
109.04.03 14:13 B E:\novo\images\topoFundoFoto.png --> www6.ufrgs.br /novo/images topoFundoFoto.png
109.04.03 14:13 B E:\novo\images\topoFundoFoto2.jpg --> www6.ufrgs.br /novo/images topoFundoFoto2.jpg
109.04.03 14:13 B E:\novo\images\ufrgsfundo.jpg --> www6.ufrgs.br /novo/images ufrgsfundo.jpg
109.04.03 14:13 B E:\novo\images\WS_FTP.LOG --> www6.ufrgs.br /novo/images WS_FTP.LOG
109.04.03 15:16 B E:\novo\images\1909.jpg --> www6.ufrgs.br /novo/images 1909.jpg
109.04.03 15:16 B E:\novo\images\banner4.png --> www6.ufrgs.br /novo/images banner4.png
109.04.03 15:16 B E:\novo\images\barraTitulo.gif --> www6.ufrgs.br /novo/images barraTitulo.gif
109.04.03 15:16 B E:\novo\images\barraTitulo.png --> www6.ufrgs.br /novo/images barraTitulo.png
109.04.03 15:16 B E:\novo\images\botao_administracao.gif --> www6.ufrgs.br /novo/images botao_administracao.gif
109.04.03 15:16 B E:\novo\images\botao_administracao_mouseover.gif --> www6.ufrgs.br /novo/images botao_administracao_mouseover.gif
109.04.03 15:16 B E:\novo\images\botao_biblioteca.gif --> www6.ufrgs.br /novo/images botao_biblioteca.gif
109.04.03 15:16 B E:\novo\images\botao_biblioteca_mouseover.gif --> www6.ufrgs.br /novo/images botao_biblioteca_mouseover.gif
109.04.03 15:16 B E:\novo\images\botao_departamentos.gif --> www6.ufrgs.br /novo/images botao_departamentos.gif
109.04.03 15:16 B E:\novo\images\botao_departamentos_mouseover.gif --> www6.ufrgs.br /novo/images botao_departamentos_mouseover.gif
109.04.03 15:16 B E:\novo\images\botao_ensino.gif --> www6.ufrgs.br /novo/images botao_ensino.gif
109.04.03 15:16 B E:\novo\images\botao_ensino_mouseover.gif --> www6.ufrgs.br /novo/images botao_ensino_mouseover.gif
109.04.03 15:16 B E:\novo\images\botao_laboratorios.gif --> www6.ufrgs.br /novo/images botao_laboratorios.gif
109.04.03 15:16 B E:\novo\images\botao_laboratorios_mouseover.gif --> www6.ufrgs.br /novo/images botao_laboratorios_mouseover.gif
109.04.03 15:16 B E:\novo\images\botao_pesquisa.gif --> www6.ufrgs.br /novo/images botao_pesquisa.gif
109.04.03 15:16 B E:\novo\images\botao_pesquisa_mouseover.gif --> www6.ufrgs.br /novo/images botao_pesquisa_mouseover.gif
109.04.03 15:16 B E:\novo\images\botao_portal.gif --> www6.ufrgs.br /novo/images botao_portal.gif
109.04.03 15:16 B E:\novo\images\botao_portal_mouseover.gif --> www6.ufrgs.br /novo/images botao_portal_mouseover.gif
109.04.03 15:16 B E:\novo\images\contace.gif --> www6.ufrgs.br /novo/images contace.gif
109.04.03 15:16 B E:\novo\images\contcie.gif --> www6.ufrgs.br /novo/images contcie.gif
109.04.03 15:16 B E:\novo\images\conteudo.gif --> www6.ufrgs.br /novo/images conteudo.gif
109.04.03 15:16 B E:\novo\images\datajava.gif --> www6.ufrgs.br /novo/images datajava.gif
109.04.03 15:16 B E:\novo\images\DSC01113.JPG --> www6.ufrgs.br /novo/images DSC01113.JPG
109.04.03 15:16 B E:\novo\images\DSC01114.JPG --> www6.ufrgs.br /novo/images DSC01114.JPG
109.04.03 15:16 B E:\novo\images\DSC01118.JPG --> www6.ufrgs.br /novo/images DSC01118.JPG
109.04.03 15:16 B E:\novo\images\DSC01119.JPG --> www6.ufrgs.br /novo/images DSC01119.JPG
109.04.03 15:16 B E:\novo\images\endfa.gif --> www6.ufrgs.br /novo/images endfa.gif
109.04.03 15:16 B E:\novo\images\estacaoagronomica.jpg --> www6.ufrgs.br /novo/images estacaoagronomica.jpg
109.04.03 15:16 B E:\novo\images\foto1990.jpg --> www6.ufrgs.br /novo/images foto1990.jpg
109.04.03 15:16 B E:\novo\images\fotofaat.psd --> www6.ufrgs.br /novo/images fotofaat.psd
109.04.03 15:16 B E:\novo\images\fotoflash.gif --> www6.ufrgs.br /novo/images fotoflash.gif
109.04.03 15:16 B E:\novo\images\fundo_botoes.gif --> www6.ufrgs.br /novo/images fundo_botoes.gif
109.04.03 15:16 B E:\novo\images\fundo_menu.png --> www6.ufrgs.br /novo/images fundo_menu.png
109.04.03 15:16 B E:\novo\images\fundomural.gif --> www6.ufrgs.br /novo/images fundomural.gif
109.04.03 15:16 B E:\novo\images\fundomural_out.gif --> www6.ufrgs.br /novo/images fundomural_out.gif
109.04.03 15:16 B E:\novo\images\fundomural_over.gif --> www6.ufrgs.br /novo/images fundomural_over.gif
109.04.03 15:16 B E:\novo\images\grupo.psd --> www6.ufrgs.br /novo/images grupo.psd
109.04.03 15:16 B E:\novo\images\linha_hr.jpg --> www6.ufrgs.br /novo/images linha_hr.jpg
109.04.03 15:16 B E:\novo\images\logofa.gif --> www6.ufrgs.br /novo/images logofa.gif
109.04.03 15:16 B E:\novo\images\logofa.psd --> www6.ufrgs.br /novo/images logofa.psd
109.04.03 15:16 B E:\novo\images\menubib.gif --> www6.ufrgs.br /novo/images menubib.gif
109.04.03 15:16 B E:\novo\images\menucont.gif --> www6.ufrgs.br /novo/images menucont.gif
109.04.03 15:16 B E:\novo\images\menudep.gif --> www6.ufrgs.br /novo/images menudep.gif
109.04.03 15:16 B E:\novo\images\menuEsq.jpg --> www6.ufrgs.br /novo/images menuEsq.jpg
109.04.03 15:16 B E:\novo\images\menuEsq.png --> www6.ufrgs.br /novo/images menuEsq.png
109.04.03 15:16 B E:\novo\images\menuEsq1.gif --> www6.ufrgs.br /novo/images menuEsq1.gif
109.04.03 15:16 B E:\novo\images\menuEsq1.jpg --> www6.ufrgs.br /novo/images menuEsq1.jpg
109.04.03 15:16 B E:\novo\images\menuEsq2.gif --> www6.ufrgs.br /novo/images menuEsq2.gif
109.04.03 15:16 B E:\novo\images\menuEsq2.jpg --> www6.ufrgs.br /novo/images menuEsq2.jpg
109.04.03 15:16 B E:\novo\images\menuEsq3.gif --> www6.ufrgs.br /novo/images menuEsq3.gif
109.04.03 15:16 B E:\novo\images\menuEsq3.jpg --> www6.ufrgs.br /novo/images menuEsq3.jpg
109.04.03 15:16 B E:\novo\images\menuEsq4.gif --> www6.ufrgs.br /novo/images menuEsq4.gif
109.04.03 15:16 B E:\novo\images\menuEsq4.jpg --> www6.ufrgs.br /novo/images menuEsq4.jpg
109.04.03 15:16 B E:\novo\images\menuEsq5.gif --> www6.ufrgs.br /novo/images menuEsq5.gif
109.04.03 15:16 B E:\novo\images\menuEsq5.jpg --> www6.ufrgs.br /novo/images menuEsq5.jpg
109.04.03 15:16 B E:\novo\images\menugrad.gif --> www6.ufrgs.br /novo/images menugrad.gif
109.04.03 15:16 B E:\novo\images\menuinst.gif --> www6.ufrgs.br /novo/images menuinst.gif
109.04.03 15:16 B E:\novo\images\menuintra.gif --> www6.ufrgs.br /novo/images menuintra.gif
109.04.03 15:16 B E:\novo\images\menulab.gif --> www6.ufrgs.br /novo/images menulab.gif
109.04.03 15:16 B E:\novo\images\menupes.gif --> www6.ufrgs.br /novo/images menupes.gif
109.04.03 15:16 B E:\novo\images\menupg.gif --> www6.ufrgs.br /novo/images menupg.gif
109.04.03 15:16 B E:\novo\images\menuseg.gif --> www6.ufrgs.br /novo/images menuseg.gif
109.04.03 15:16 B E:\novo\images\menuSupFundo.gif --> www6.ufrgs.br /novo/images menuSupFundo.gif
109.04.03 15:16 B E:\novo\images\menuSupFundo.jpg --> www6.ufrgs.br /novo/images menuSupFundo.jpg
109.04.03 15:16 B E:\novo\images\menuSupFundo.png --> www6.ufrgs.br /novo/images menuSupFundo.png
109.04.03 15:16 B E:\novo\images\menuSupFundo2.jpg --> www6.ufrgs.br /novo/images menuSupFundo2.jpg
109.04.03 15:16 B E:\novo\images\menuSupFundoMenus.jpg --> www6.ufrgs.br /novo/images menuSupFundoMenus.jpg
109.04.03 15:16 B E:\novo\images\menuSupLinhaDivisoria.jpg --> www6.ufrgs.br /novo/images menuSupLinhaDivisoria.jpg
109.04.03 15:16 B E:\novo\images\ninfa-logo-ideia3.jpg --> www6.ufrgs.br /novo/images ninfa-logo-ideia3.jpg
109.04.03 15:16 B E:\novo\images\p1910.jpg --> www6.ufrgs.br /novo/images p1910.jpg
109.04.03 15:16 B E:\novo\images\predioagroAntigo.jpg --> www6.ufrgs.br /novo/images predioagroAntigo.jpg
109.04.03 15:16 B E:\novo\images\relogjava.gif --> www6.ufrgs.br /novo/images relogjava.gif
109.04.03 15:16 B E:\novo\images\rodape.jpg --> www6.ufrgs.br /novo/images rodape.jpg
109.04.03 15:16 B E:\novo\images\setaNoticias.gif --> www6.ufrgs.br /novo/images setaNoticias.gif
109.04.03 15:16 B E:\novo\images\setaNoticias.png --> www6.ufrgs.br /novo/images setaNoticias.png
109.04.03 15:16 B E:\novo\images\Thumbs.db --> www6.ufrgs.br /novo/images Thumbs.db
109.04.03 15:16 B E:\novo\images\topoFundo.jpg --> www6.ufrgs.br /novo/images topoFundo.jpg
109.04.03 15:16 B E:\novo\images\topoFundoFoto.jpg --> www6.ufrgs.br /novo/images topoFundoFoto.jpg
109.04.03 15:16 B E:\novo\images\topoFundoFoto.png --> www6.ufrgs.br /novo/images topoFundoFoto.png
109.04.03 15:16 B E:\novo\images\topoFundoFoto2.jpg --> www6.ufrgs.br /novo/images topoFundoFoto2.jpg
109.04.03 15:16 B E:\novo\images\ufrgsfundo.jpg --> www6.ufrgs.br /novo/images ufrgsfundo.jpg
109.04.03 15:16 B E:\novo\images\WS_FTP.LOG --> www6.ufrgs.br /novo/images WS_FTP.LOG
109.04.08 11:40 B E:\novo\images\1909.jpg --> www6.ufrgs.br /novo/images 1909.jpg
109.04.08 11:40 B E:\novo\images\banner4.png --> www6.ufrgs.br /novo/images banner4.png
109.04.08 11:40 B E:\novo\images\barraTitulo.gif --> www6.ufrgs.br /novo/images barraTitulo.gif
109.04.08 11:40 B E:\novo\images\barraTitulo.png --> www6.ufrgs.br /novo/images barraTitulo.png
109.04.08 11:40 B E:\novo\images\botao_administracao.gif --> www6.ufrgs.br /novo/images botao_administracao.gif
109.04.08 11:40 B E:\novo\images\botao_administracao_mouseover.gif --> www6.ufrgs.br /novo/images botao_administracao_mouseover.gif
109.04.08 11:40 B E:\novo\images\botao_biblioteca.gif --> www6.ufrgs.br /novo/images botao_biblioteca.gif
109.04.08 11:40 B E:\novo\images\botao_biblioteca_mouseover.gif --> www6.ufrgs.br /novo/images botao_biblioteca_mouseover.gif
109.04.08 11:40 B E:\novo\images\botao_departamentos.gif --> www6.ufrgs.br /novo/images botao_departamentos.gif
109.04.08 11:40 B E:\novo\images\botao_departamentos_mouseover.gif --> www6.ufrgs.br /novo/images botao_departamentos_mouseover.gif
109.04.08 11:40 B E:\novo\images\botao_ensino.gif --> www6.ufrgs.br /novo/images botao_ensino.gif
109.04.08 11:40 B E:\novo\images\botao_ensino_mouseover.gif --> www6.ufrgs.br /novo/images botao_ensino_mouseover.gif
109.04.08 11:40 B E:\novo\images\botao_laboratorios.gif --> www6.ufrgs.br /novo/images botao_laboratorios.gif
109.04.08 11:40 B E:\novo\images\botao_laboratorios_mouseover.gif --> www6.ufrgs.br /novo/images botao_laboratorios_mouseover.gif
109.04.08 11:40 B E:\novo\images\botao_pesquisa.gif --> www6.ufrgs.br /novo/images botao_pesquisa.gif
109.04.08 11:40 B E:\novo\images\botao_pesquisa_mouseover.gif --> www6.ufrgs.br /novo/images botao_pesquisa_mouseover.gif
109.04.08 11:40 B E:\novo\images\botao_portal.gif --> www6.ufrgs.br /novo/images botao_portal.gif
109.04.08 11:40 B E:\novo\images\botao_portal_mouseover.gif --> www6.ufrgs.br /novo/images botao_portal_mouseover.gif
109.04.08 11:40 B E:\novo\images\contace.gif --> www6.ufrgs.br /novo/images contace.gif
109.04.08 11:40 B E:\novo\images\contcie.gif --> www6.ufrgs.br /novo/images contcie.gif
109.04.08 11:40 B E:\novo\images\conteudo.gif --> www6.ufrgs.br /novo/images conteudo.gif
109.04.08 11:40 B E:\novo\images\datajava.gif --> www6.ufrgs.br /novo/images datajava.gif
109.04.08 11:40 B E:\novo\images\DSC01113.JPG --> www6.ufrgs.br /novo/images DSC01113.JPG
109.04.08 11:40 B E:\novo\images\DSC01114.JPG --> www6.ufrgs.br /novo/images DSC01114.JPG
109.04.08 11:40 B E:\novo\images\DSC01118.JPG --> www6.ufrgs.br /novo/images DSC01118.JPG
109.04.08 11:40 B E:\novo\images\DSC01119.JPG --> www6.ufrgs.br /novo/images DSC01119.JPG
109.04.08 11:40 B E:\novo\images\endfa.gif --> www6.ufrgs.br /novo/images endfa.gif
109.04.08 11:40 B E:\novo\images\estacaoagronomica.jpg --> www6.ufrgs.br /novo/images estacaoagronomica.jpg
109.04.08 11:40 B E:\novo\images\foto1990.jpg --> www6.ufrgs.br /novo/images foto1990.jpg
109.04.08 11:40 B E:\novo\images\fotofaat.psd --> www6.ufrgs.br /novo/images fotofaat.psd
109.04.08 11:40 B E:\novo\images\fotoflash.gif --> www6.ufrgs.br /novo/images fotoflash.gif
109.04.08 11:40 B E:\novo\images\fundo_botoes.gif --> www6.ufrgs.br /novo/images fundo_botoes.gif
109.04.08 11:40 B E:\novo\images\fundo_menu.png --> www6.ufrgs.br /novo/images fundo_menu.png
109.04.08 11:40 B E:\novo\images\fundomural.gif --> www6.ufrgs.br /novo/images fundomural.gif
109.04.08 11:40 B E:\novo\images\fundomural_out.gif --> www6.ufrgs.br /novo/images fundomural_out.gif
109.04.08 11:40 B E:\novo\images\fundomural_over.gif --> www6.ufrgs.br /novo/images fundomural_over.gif
109.04.08 11:40 B E:\novo\images\grupo.psd --> www6.ufrgs.br /novo/images grupo.psd
109.04.08 11:40 B E:\novo\images\linha_hr.jpg --> www6.ufrgs.br /novo/images linha_hr.jpg
109.04.08 11:40 B E:\novo\images\logofa.gif --> www6.ufrgs.br /novo/images logofa.gif
109.04.08 11:40 B E:\novo\images\logofa.psd --> www6.ufrgs.br /novo/images logofa.psd
109.04.08 11:40 B E:\novo\images\logoufrgs.gif --> www6.ufrgs.br /novo/images logoufrgs.gif
109.04.08 11:40 B E:\novo\images\logoufrgs.png --> www6.ufrgs.br /novo/images logoufrgs.png
109.04.08 11:40 B E:\novo\images\menubib.gif --> www6.ufrgs.br /novo/images menubib.gif
109.04.08 11:40 B E:\novo\images\menucont.gif --> www6.ufrgs.br /novo/images menucont.gif
109.04.08 11:40 B E:\novo\images\menudep.gif --> www6.ufrgs.br /novo/images menudep.gif
109.04.08 11:40 B E:\novo\images\menuEsq.jpg --> www6.ufrgs.br /novo/images menuEsq.jpg
109.04.08 11:40 B E:\novo\images\menuEsq.png --> www6.ufrgs.br /novo/images menuEsq.png
109.04.08 11:40 B E:\novo\images\menuEsq1.gif --> www6.ufrgs.br /novo/images menuEsq1.gif
109.04.08 11:40 B E:\novo\images\menuEsq1.jpg --> www6.ufrgs.br /novo/images menuEsq1.jpg
109.04.08 11:40 B E:\novo\images\menuEsq2.gif --> www6.ufrgs.br /novo/images menuEsq2.gif
109.04.08 11:40 B E:\novo\images\menuEsq2.jpg --> www6.ufrgs.br /novo/images menuEsq2.jpg
109.04.08 11:40 B E:\novo\images\menuEsq3.gif --> www6.ufrgs.br /novo/images menuEsq3.gif
109.04.08 11:40 B E:\novo\images\menuEsq3.jpg --> www6.ufrgs.br /novo/images menuEsq3.jpg
109.04.08 11:40 B E:\novo\images\menuEsq4.gif --> www6.ufrgs.br /novo/images menuEsq4.gif
109.04.08 11:40 B E:\novo\images\menuEsq4.jpg --> www6.ufrgs.br /novo/images menuEsq4.jpg
109.04.08 11:40 B E:\novo\images\menuEsq5.gif --> www6.ufrgs.br /novo/images menuEsq5.gif
109.04.08 11:40 B E:\novo\images\menuEsq5.jpg --> www6.ufrgs.br /novo/images menuEsq5.jpg
109.04.08 11:40 B E:\novo\images\menugrad.gif --> www6.ufrgs.br /novo/images menugrad.gif
109.04.08 11:40 B E:\novo\images\menuinst.gif --> www6.ufrgs.br /novo/images menuinst.gif
109.04.08 11:40 B E:\novo\images\menuintra.gif --> www6.ufrgs.br /novo/images menuintra.gif
109.04.08 11:40 B E:\novo\images\menulab.gif --> www6.ufrgs.br /novo/images menulab.gif
109.04.08 11:40 B E:\novo\images\menupes.gif --> www6.ufrgs.br /novo/images menupes.gif
109.04.08 11:40 B E:\novo\images\menupg.gif --> www6.ufrgs.br /novo/images menupg.gif
109.04.08 11:40 B E:\novo\images\menuseg.gif --> www6.ufrgs.br /novo/images menuseg.gif
109.04.08 11:40 B E:\novo\images\menuSupFundo.gif --> www6.ufrgs.br /novo/images menuSupFundo.gif
109.04.08 11:40 B E:\novo\images\menuSupFundo.jpg --> www6.ufrgs.br /novo/images menuSupFundo.jpg
109.04.08 11:40 B E:\novo\images\menuSupFundo.png --> www6.ufrgs.br /novo/images menuSupFundo.png
109.04.08 11:40 B E:\novo\images\menuSupFundo2.jpg --> www6.ufrgs.br /novo/images menuSupFundo2.jpg
109.04.08 11:40 B E:\novo\images\menuSupFundoMenus.jpg --> www6.ufrgs.br /novo/images menuSupFundoMenus.jpg
109.04.08 11:40 B E:\novo\images\menuSupLinhaDivisoria.jpg --> www6.ufrgs.br /novo/images menuSupLinhaDivisoria.jpg
109.04.08 11:40 B E:\novo\images\ninfa-logo-ideia3.jpg --> www6.ufrgs.br /novo/images ninfa-logo-ideia3.jpg
109.04.08 11:40 B E:\novo\images\p1910.jpg --> www6.ufrgs.br /novo/images p1910.jpg
109.04.08 11:40 B E:\novo\images\predioagroAntigo.jpg --> www6.ufrgs.br /novo/images predioagroAntigo.jpg
109.04.08 11:40 B E:\novo\images\relogjava.gif --> www6.ufrgs.br /novo/images relogjava.gif
109.04.08 11:40 B E:\novo\images\rodape.jpg --> www6.ufrgs.br /novo/images rodape.jpg
109.04.08 11:40 B E:\novo\images\setaNoticias.gif --> www6.ufrgs.br /novo/images setaNoticias.gif
109.04.08 11:40 B E:\novo\images\setaNoticias.png --> www6.ufrgs.br /novo/images setaNoticias.png
109.04.08 11:40 B E:\novo\images\Thumbs.db --> www6.ufrgs.br /novo/images Thumbs.db
109.04.08 11:40 B E:\novo\images\topoFundo.jpg --> www6.ufrgs.br /novo/images topoFundo.jpg
109.04.08 11:40 B E:\novo\images\topoFundoFoto.jpg --> www6.ufrgs.br /novo/images topoFundoFoto.jpg
109.04.08 11:40 B E:\novo\images\topoFundoFoto.png --> www6.ufrgs.br /novo/images topoFundoFoto.png
109.04.08 11:40 B E:\novo\images\topoFundoFoto2.jpg --> www6.ufrgs.br /novo/images topoFundoFoto2.jpg
109.04.08 11:40 B E:\novo\images\UFRGS logo fundo transparente GIF.gif --> www6.ufrgs.br /novo/images UFRGS logo fundo transparente GIF.gif
109.04.08 11:40 B E:\novo\images\ufrgsfundo.jpg --> www6.ufrgs.br /novo/images ufrgsfundo.jpg
109.04.08 11:40 B E:\novo\images\WS_FTP.LOG --> www6.ufrgs.br /novo/images WS_FTP.LOG
109.04.22 11:55 B E:\novo\images\1909.jpg --> www6.ufrgs.br /novo/images 1909.jpg
109.04.22 11:55 B E:\novo\images\banner4.png --> www6.ufrgs.br /novo/images banner4.png
109.04.22 11:55 B E:\novo\images\barraTitulo.gif --> www6.ufrgs.br /novo/images barraTitulo.gif
109.04.22 11:55 B E:\novo\images\barraTitulo.png --> www6.ufrgs.br /novo/images barraTitulo.png
109.04.22 11:55 B E:\novo\images\botao_administracao.gif --> www6.ufrgs.br /novo/images botao_administracao.gif
109.04.22 11:55 B E:\novo\images\botao_administracao_mouseover.gif --> www6.ufrgs.br /novo/images botao_administracao_mouseover.gif
109.04.22 11:55 B E:\novo\images\botao_biblioteca.gif --> www6.ufrgs.br /novo/images botao_biblioteca.gif
109.04.22 11:55 B E:\novo\images\botao_biblioteca_mouseover.gif --> www6.ufrgs.br /novo/images botao_biblioteca_mouseover.gif
109.04.22 11:55 B E:\novo\images\botao_departamentos.gif --> www6.ufrgs.br /novo/images botao_departamentos.gif
109.04.22 11:55 B E:\novo\images\botao_departamentos_mouseover.gif --> www6.ufrgs.br /novo/images botao_departamentos_mouseover.gif
109.04.22 11:55 B E:\novo\images\botao_ensino.gif --> www6.ufrgs.br /novo/images botao_ensino.gif
109.04.22 11:55 B E:\novo\images\botao_ensino_mouseover.gif --> www6.ufrgs.br /novo/images botao_ensino_mouseover.gif
109.04.22 11:55 B E:\novo\images\botao_laboratorios.gif --> www6.ufrgs.br /novo/images botao_laboratorios.gif
109.04.22 11:55 B E:\novo\images\botao_laboratorios_mouseover.gif --> www6.ufrgs.br /novo/images botao_laboratorios_mouseover.gif
109.04.22 11:55 B E:\novo\images\botao_pesquisa.gif --> www6.ufrgs.br /novo/images botao_pesquisa.gif
109.04.22 11:55 B E:\novo\images\botao_pesquisa_mouseover.gif --> www6.ufrgs.br /novo/images botao_pesquisa_mouseover.gif
109.04.22 11:55 B E:\novo\images\botao_portal.gif --> www6.ufrgs.br /novo/images botao_portal.gif
109.04.22 11:55 B E:\novo\images\botao_portal_mouseover.gif --> www6.ufrgs.br /novo/images botao_portal_mouseover.gif
109.04.22 11:55 B E:\novo\images\contace.gif --> www6.ufrgs.br /novo/images contace.gif
109.04.22 11:55 B E:\novo\images\contcie.gif --> www6.ufrgs.br /novo/images contcie.gif
109.04.22 11:55 B E:\novo\images\conteudo.gif --> www6.ufrgs.br /novo/images conteudo.gif
109.04.22 11:55 B E:\novo\images\datajava.gif --> www6.ufrgs.br /novo/images datajava.gif
109.04.22 11:55 B E:\novo\images\DSC01113.JPG --> www6.ufrgs.br /novo/images DSC01113.JPG
109.04.22 11:55 B E:\novo\images\DSC01114.JPG --> www6.ufrgs.br /novo/images DSC01114.JPG
109.04.22 11:55 B E:\novo\images\DSC01118.JPG --> www6.ufrgs.br /novo/images DSC01118.JPG
109.04.22 11:55 B E:\novo\images\DSC01119.JPG --> www6.ufrgs.br /novo/images DSC01119.JPG
109.04.22 11:55 B E:\novo\images\endfa.gif --> www6.ufrgs.br /novo/images endfa.gif
109.04.22 11:55 B E:\novo\images\estacaoagronomica.jpg --> www6.ufrgs.br /novo/images estacaoagronomica.jpg
109.04.22 11:55 B E:\novo\images\foto1990.jpg --> www6.ufrgs.br /novo/images foto1990.jpg
109.04.22 11:55 B E:\novo\images\fotoarrumada.jpg --> www6.ufrgs.br /novo/images fotoarrumada.jpg
109.04.22 11:55 B E:\novo\images\fotofaat.psd --> www6.ufrgs.br /novo/images fotofaat.psd
109.04.22 11:55 B E:\novo\images\fotoflash.gif --> www6.ufrgs.br /novo/images fotoflash.gif
109.04.22 11:55 B E:\novo\images\fundo_botoes.gif --> www6.ufrgs.br /novo/images fundo_botoes.gif
109.04.22 11:55 B E:\novo\images\fundo_menu.png --> www6.ufrgs.br /novo/images fundo_menu.png
109.04.22 11:55 B E:\novo\images\fundomural.gif --> www6.ufrgs.br /novo/images fundomural.gif
109.04.22 11:55 B E:\novo\images\fundomural_out.gif --> www6.ufrgs.br /novo/images fundomural_out.gif
109.04.22 11:55 B E:\novo\images\fundomural_over.gif --> www6.ufrgs.br /novo/images fundomural_over.gif
109.04.22 11:55 B E:\novo\images\grupo.psd --> www6.ufrgs.br /novo/images grupo.psd
109.04.22 11:55 B E:\novo\images\linha_hr.jpg --> www6.ufrgs.br /novo/images linha_hr.jpg
109.04.22 11:55 B E:\novo\images\logofa.gif --> www6.ufrgs.br /novo/images logofa.gif
109.04.22 11:55 B E:\novo\images\logofa.psd --> www6.ufrgs.br /novo/images logofa.psd
109.04.22 11:55 B E:\novo\images\logointranetfa.jpg --> www6.ufrgs.br /novo/images logointranetfa.jpg
109.04.22 11:55 B E:\novo\images\logointranetfaculdadeagro.png --> www6.ufrgs.br /novo/images logointranetfaculdadeagro.png
109.04.22 11:55 B E:\novo\images\logointranetfaculdadeagro2.png --> www6.ufrgs.br /novo/images logointranetfaculdadeagro2.png
109.04.22 11:55 B E:\novo\images\logointranetfaculdadeagro3.png --> www6.ufrgs.br /novo/images logointranetfaculdadeagro3.png
109.04.22 11:55 B E:\novo\images\logoufrgs.gif --> www6.ufrgs.br /novo/images logoufrgs.gif
109.04.22 11:55 B E:\novo\images\logoufrgs.png --> www6.ufrgs.br /novo/images logoufrgs.png
109.04.22 11:55 B E:\novo\images\menubib.gif --> www6.ufrgs.br /novo/images menubib.gif
109.04.22 11:55 B E:\novo\images\menucont.gif --> www6.ufrgs.br /novo/images menucont.gif
109.04.22 11:55 B E:\novo\images\menudep.gif --> www6.ufrgs.br /novo/images menudep.gif
109.04.22 11:55 B E:\novo\images\menuEsq.jpg --> www6.ufrgs.br /novo/images menuEsq.jpg
109.04.22 11:55 B E:\novo\images\menuEsq.png --> www6.ufrgs.br /novo/images menuEsq.png
109.04.22 11:55 B E:\novo\images\menuEsq1.gif --> www6.ufrgs.br /novo/images menuEsq1.gif
109.04.22 11:55 B E:\novo\images\menuEsq1.jpg --> www6.ufrgs.br /novo/images menuEsq1.jpg
109.04.22 11:55 B E:\novo\images\menuEsq2.gif --> www6.ufrgs.br /novo/images menuEsq2.gif
109.04.22 11:55 B E:\novo\images\menuEsq2.jpg --> www6.ufrgs.br /novo/images menuEsq2.jpg
109.04.22 11:55 B E:\novo\images\menuEsq3.gif --> www6.ufrgs.br /novo/images menuEsq3.gif
109.04.22 11:55 B E:\novo\images\menuEsq3.jpg --> www6.ufrgs.br /novo/images menuEsq3.jpg
109.04.22 11:55 B E:\novo\images\menuEsq4.gif --> www6.ufrgs.br /novo/images menuEsq4.gif
109.04.22 11:55 B E:\novo\images\menuEsq4.jpg --> www6.ufrgs.br /novo/images menuEsq4.jpg
109.04.22 11:55 B E:\novo\images\menuEsq5.gif --> www6.ufrgs.br /novo/images menuEsq5.gif
109.04.22 11:55 B E:\novo\images\menuEsq5.jpg --> www6.ufrgs.br /novo/images menuEsq5.jpg
109.04.22 11:55 B E:\novo\images\menugrad.gif --> www6.ufrgs.br /novo/images menugrad.gif
109.04.22 11:55 B E:\novo\images\menuinst.gif --> www6.ufrgs.br /novo/images menuinst.gif
109.04.22 11:55 B E:\novo\images\menuintra.gif --> www6.ufrgs.br /novo/images menuintra.gif
109.04.22 11:55 B E:\novo\images\menulab.gif --> www6.ufrgs.br /novo/images menulab.gif
109.04.22 11:55 B E:\novo\images\menupes.gif --> www6.ufrgs.br /novo/images menupes.gif
109.04.22 11:55 B E:\novo\images\menupg.gif --> www6.ufrgs.br /novo/images menupg.gif
109.04.22 11:55 B E:\novo\images\menuseg.gif --> www6.ufrgs.br /novo/images menuseg.gif
109.04.22 11:55 B E:\novo\images\menuSupFundo.gif --> www6.ufrgs.br /novo/images menuSupFundo.gif
109.04.22 11:55 B E:\novo\images\menuSupFundo.jpg --> www6.ufrgs.br /novo/images menuSupFundo.jpg
109.04.22 11:55 B E:\novo\images\menuSupFundo.png --> www6.ufrgs.br /novo/images menuSupFundo.png
109.04.22 11:55 B E:\novo\images\menuSupFundo2.jpg --> www6.ufrgs.br /novo/images menuSupFundo2.jpg
109.04.22 11:55 B E:\novo\images\menuSupFundoMenus.jpg --> www6.ufrgs.br /novo/images menuSupFundoMenus.jpg
109.04.22 11:55 B E:\novo\images\menuSupLinhaDivisoria.jpg --> www6.ufrgs.br /novo/images menuSupLinhaDivisoria.jpg
109.04.22 11:55 B E:\novo\images\NAME.JPG --> www6.ufrgs.br /novo/images NAME.JPG
109.04.22 11:55 B E:\novo\images\ninfa-logo-ideia3.jpg --> www6.ufrgs.br /novo/images ninfa-logo-ideia3.jpg
109.04.22 11:55 B E:\novo\images\p1910.jpg --> www6.ufrgs.br /novo/images p1910.jpg
109.04.22 11:55 B E:\novo\images\predioagroAntigo.jpg --> www6.ufrgs.br /novo/images predioagroAntigo.jpg
109.04.22 11:55 B E:\novo\images\relogjava.gif --> www6.ufrgs.br /novo/images relogjava.gif
109.04.22 11:55 B E:\novo\images\rodape.jpg --> www6.ufrgs.br /novo/images rodape.jpg
109.04.22 11:55 B E:\novo\images\setaNoticias.gif --> www6.ufrgs.br /novo/images setaNoticias.gif
109.04.22 11:55 B E:\novo\images\setaNoticias.png --> www6.ufrgs.br /novo/images setaNoticias.png
109.04.22 11:55 B E:\novo\images\spacer.gif --> www6.ufrgs.br /novo/images spacer.gif
109.04.22 11:55 B E:\novo\images\Thumbs.db --> www6.ufrgs.br /novo/images Thumbs.db
109.04.22 11:55 B E:\novo\images\topoFundo.jpg --> www6.ufrgs.br /novo/images topoFundo.jpg
109.04.22 11:55 B E:\novo\images\topoFundoFoto.jpg --> www6.ufrgs.br /novo/images topoFundoFoto.jpg
109.04.22 11:55 B E:\novo\images\topoFundoFoto.png --> www6.ufrgs.br /novo/images topoFundoFoto.png
109.04.22 11:55 B E:\novo\images\topoFundoFoto2.jpg --> www6.ufrgs.br /novo/images topoFundoFoto2.jpg
109.04.22 11:55 B E:\novo\images\UFRGS logo fundo transparente GIF.gif --> www6.ufrgs.br /novo/images UFRGS logo fundo transparente GIF.gif
109.04.22 11:55 B E:\novo\images\ufrgsfundo.jpg --> www6.ufrgs.br /novo/images ufrgsfundo.jpg
109.04.22 11:55 B E:\novo\images\ufrgslogotr.gif --> www6.ufrgs.br /novo/images ufrgslogotr.gif
109.04.22 11:55 B E:\novo\images\ufrgslogotr2.gif --> www6.ufrgs.br /novo/images ufrgslogotr2.gif
109.04.22 11:55 B E:\novo\images\ufrgslogotr3.gif --> www6.ufrgs.br /novo/images ufrgslogotr3.gif
109.04.22 11:55 B E:\novo\images\ufrgslogotr3.htm --> www6.ufrgs.br /novo/images ufrgslogotr3.htm
109.04.22 11:55 B E:\novo\images\ufrgslogotr3.png --> www6.ufrgs.br /novo/images ufrgslogotr3.png
109.04.22 11:55 B E:\novo\images\ufrgslogotr3_r1_c1.gif --> www6.ufrgs.br /novo/images ufrgslogotr3_r1_c1.gif
109.04.22 11:55 B E:\novo\images\ufrgslogotr3_r1_c2.gif --> www6.ufrgs.br /novo/images ufrgslogotr3_r1_c2.gif
109.04.22 11:55 B E:\novo\images\ufrgslogotr3_r2_c2.gif --> www6.ufrgs.br /novo/images ufrgslogotr3_r2_c2.gif
109.04.22 11:55 B E:\novo\images\ufrgsmp550.gif --> www6.ufrgs.br /novo/images ufrgsmp550.gif
109.04.22 11:55 B E:\novo\images\ufrgsmp550px.jpg --> www6.ufrgs.br /novo/images ufrgsmp550px.jpg
109.04.22 11:55 B E:\novo\images\VNC_Diagram_V1_w800.JPG --> www6.ufrgs.br /novo/images VNC_Diagram_V1_w800.JPG
109.04.24 14:46 B E:\novo\images\WS_FTP.LOG <-- WS_FTP32 /novo/images WS_FTP.LOG
109.04.27 09:26 B E:\novo\images\barraTitulo.gif --> www6.ufrgs.br /novo/images barraTitulo.gif
109.04.27 09:26 B E:\novo\images\botao_administracao.gif --> www6.ufrgs.br /novo/images botao_administracao.gif
109.04.27 09:26 B E:\novo\images\botao_administracao_mouseover.gif --> www6.ufrgs.br /novo/images botao_administracao_mouseover.gif
109.04.27 09:26 B E:\novo\images\botao_biblioteca.gif --> www6.ufrgs.br /novo/images botao_biblioteca.gif
109.04.27 09:26 B E:\novo\images\botao_biblioteca_mouseover.gif --> www6.ufrgs.br /novo/images botao_biblioteca_mouseover.gif
109.04.27 09:26 B E:\novo\images\botao_departamentos.gif --> www6.ufrgs.br /novo/images botao_departamentos.gif
109.04.27 09:26 B E:\novo\images\botao_departamentos_mouseover.gif --> www6.ufrgs.br /novo/images botao_departamentos_mouseover.gif
109.04.27 09:26 B E:\novo\images\botao_ensino.gif --> www6.ufrgs.br /novo/images botao_ensino.gif
109.04.27 09:26 B E:\novo\images\botao_ensino_mouseover.gif --> www6.ufrgs.br /novo/images botao_ensino_mouseover.gif
109.04.27 09:26 B E:\novo\images\botao_laboratorios.gif --> www6.ufrgs.br /novo/images botao_laboratorios.gif
109.04.27 09:26 B E:\novo\images\botao_laboratorios_mouseover.gif --> www6.ufrgs.br /novo/images botao_laboratorios_mouseover.gif
109.04.27 09:26 B E:\novo\images\botao_pesquisa.gif --> www6.ufrgs.br /novo/images botao_pesquisa.gif
109.04.27 09:26 B E:\novo\images\botao_pesquisa_mouseover.gif --> www6.ufrgs.br /novo/images botao_pesquisa_mouseover.gif
109.04.27 09:26 B E:\novo\images\botao_portal.gif --> www6.ufrgs.br /novo/images botao_portal.gif
109.04.27 09:26 B E:\novo\images\botao_portal_mouseover.gif --> www6.ufrgs.br /novo/images botao_portal_mouseover.gif
109.04.27 09:26 B E:\novo\images\contace.gif --> www6.ufrgs.br /novo/images contace.gif
109.04.27 09:26 B E:\novo\images\contcie.gif --> www6.ufrgs.br /novo/images contcie.gif
109.04.27 09:26 B E:\novo\images\conteudo.gif --> www6.ufrgs.br /novo/images conteudo.gif
109.04.27 09:26 B E:\novo\images\datajava.gif --> www6.ufrgs.br /novo/images datajava.gif
109.04.27 09:26 B E:\novo\images\DSC01114.JPG --> www6.ufrgs.br /novo/images DSC01114.JPG
109.04.27 09:26 B E:\novo\images\DSC01118.JPG --> www6.ufrgs.br /novo/images DSC01118.JPG
109.04.27 09:26 B E:\novo\images\DSC01119.JPG --> www6.ufrgs.br /novo/images DSC01119.JPG
109.04.27 09:26 B E:\novo\images\endfa.gif --> www6.ufrgs.br /novo/images endfa.gif
109.04.27 09:26 B E:\novo\images\estacaoagronomica.jpg --> www6.ufrgs.br /novo/images estacaoagronomica.jpg
109.04.27 09:26 B E:\novo\images\foto1990.jpg --> www6.ufrgs.br /novo/images foto1990.jpg
109.04.27 09:26 B E:\novo\images\fotoarrumada.jpg --> www6.ufrgs.br /novo/images fotoarrumada.jpg
109.04.27 09:26 B E:\novo\images\fotofaat.psd --> www6.ufrgs.br /novo/images fotofaat.psd
109.04.27 09:26 B E:\novo\images\fotoflash.gif --> www6.ufrgs.br /novo/images fotoflash.gif
109.04.27 09:26 B E:\novo\images\fundo_botoes.gif --> www6.ufrgs.br /novo/images fundo_botoes.gif
109.04.27 09:26 B E:\novo\images\fundo_menu.png --> www6.ufrgs.br /novo/images fundo_menu.png
109.04.27 09:26 B E:\novo\images\fundomural.gif --> www6.ufrgs.br /novo/images fundomural.gif
109.04.27 09:26 B E:\novo\images\fundomural_out.gif --> www6.ufrgs.br /novo/images fundomural_out.gif
109.04.27 09:26 B E:\novo\images\fundomural_over.gif --> www6.ufrgs.br /novo/images fundomural_over.gif
109.04.27 09:26 B E:\novo\images\grupo.psd --> www6.ufrgs.br /novo/images grupo.psd
109.04.27 09:26 B E:\novo\images\linha_hr.jpg --> www6.ufrgs.br /novo/images linha_hr.jpg
109.04.27 09:26 B E:\novo\images\logofa.gif --> www6.ufrgs.br /novo/images logofa.gif
109.04.27 09:26 B E:\novo\images\logofa.psd --> www6.ufrgs.br /novo/images logofa.psd
109.04.27 09:26 B E:\novo\images\logointranetfa.jpg --> www6.ufrgs.br /novo/images logointranetfa.jpg
109.04.27 09:26 B E:\novo\images\logointranetfaculdadeagro.png --> www6.ufrgs.br /novo/images logointranetfaculdadeagro.png
109.04.27 09:26 B E:\novo\images\logointranetfaculdadeagro2.png --> www6.ufrgs.br /novo/images logointranetfaculdadeagro2.png
109.04.27 09:26 B E:\novo\images\logointranetfaculdadeagro3.png --> www6.ufrgs.br /novo/images logointranetfaculdadeagro3.png
109.04.27 09:26 B E:\novo\images\logoufrgs.gif --> www6.ufrgs.br /novo/images logoufrgs.gif
109.04.27 09:26 B E:\novo\images\logoufrgs.png --> www6.ufrgs.br /novo/images logoufrgs.png
109.04.27 09:26 B E:\novo\images\menubib.gif --> www6.ufrgs.br /novo/images menubib.gif
109.04.27 09:26 B E:\novo\images\menucont.gif --> www6.ufrgs.br /novo/images menucont.gif
109.04.27 09:26 B E:\novo\images\menudep.gif --> www6.ufrgs.br /novo/images menudep.gif
109.04.27 09:26 B E:\novo\images\menuEsq.jpg --> www6.ufrgs.br /novo/images menuEsq.jpg
109.04.27 09:26 B E:\novo\images\menuEsq.png --> www6.ufrgs.br /novo/images menuEsq.png
109.04.27 09:26 B E:\novo\images\menuEsq1.gif --> www6.ufrgs.br /novo/images menuEsq1.gif
109.04.27 09:26 B E:\novo\images\menuEsq1.jpg --> www6.ufrgs.br /novo/images menuEsq1.jpg
109.04.27 09:26 B E:\novo\images\menuEsq2.gif --> www6.ufrgs.br /novo/images menuEsq2.gif
109.04.27 09:26 B E:\novo\images\menuEsq2.jpg --> www6.ufrgs.br /novo/images menuEsq2.jpg
109.04.27 09:26 B E:\novo\images\menuEsq3.gif --> www6.ufrgs.br /novo/images menuEsq3.gif
109.04.27 09:26 B E:\novo\images\menuEsq3.jpg --> www6.ufrgs.br /novo/images menuEsq3.jpg
109.04.27 09:26 B E:\novo\images\menuEsq4.gif --> www6.ufrgs.br /novo/images menuEsq4.gif
109.04.27 09:26 B E:\novo\images\menuEsq4.jpg --> www6.ufrgs.br /novo/images menuEsq4.jpg
109.04.27 09:26 B E:\novo\images\menuEsq5.gif --> www6.ufrgs.br /novo/images menuEsq5.gif
109.04.27 09:26 B E:\novo\images\menuEsq5.jpg --> www6.ufrgs.br /novo/images menuEsq5.jpg
109.04.27 09:26 B E:\novo\images\menugrad.gif --> www6.ufrgs.br /novo/images menugrad.gif
109.04.27 09:26 B E:\novo\images\menuinst.gif --> www6.ufrgs.br /novo/images menuinst.gif
109.04.27 09:26 B E:\novo\images\menuintra.gif --> www6.ufrgs.br /novo/images menuintra.gif
109.04.27 09:26 B E:\novo\images\menulab.gif --> www6.ufrgs.br /novo/images menulab.gif
109.04.27 09:26 B E:\novo\images\menupes.gif --> www6.ufrgs.br /novo/images menupes.gif
109.04.27 09:26 B E:\novo\images\menupg.gif --> www6.ufrgs.br /novo/images menupg.gif
109.04.27 09:26 B E:\novo\images\menuseg.gif --> www6.ufrgs.br /novo/images menuseg.gif
109.04.27 09:26 B E:\novo\images\menuSupFundo.gif --> www6.ufrgs.br /novo/images menuSupFundo.gif
109.04.27 09:26 B E:\novo\images\menuSupFundo.jpg --> www6.ufrgs.br /novo/images menuSupFundo.jpg
109.04.27 09:26 B E:\novo\images\menuSupFundo.png --> www6.ufrgs.br /novo/images menuSupFundo.png
109.04.27 09:26 B E:\novo\images\menuSupFundo2.jpg --> www6.ufrgs.br /novo/images menuSupFundo2.jpg
109.04.27 09:26 B E:\novo\images\menuSupFundoMenus.jpg --> www6.ufrgs.br /novo/images menuSupFundoMenus.jpg
109.04.27 09:26 B E:\novo\images\menuSupLinhaDivisoria.jpg --> www6.ufrgs.br /novo/images menuSupLinhaDivisoria.jpg
109.04.27 09:26 B E:\novo\images\NAME.JPG --> www6.ufrgs.br /novo/images NAME.JPG
109.04.27 09:26 B E:\novo\images\ninfa-logo-ideia3.jpg --> www6.ufrgs.br /novo/images ninfa-logo-ideia3.jpg
109.04.27 09:26 B E:\novo\images\p1910.jpg --> www6.ufrgs.br /novo/images p1910.jpg
109.04.27 09:26 B E:\novo\images\predioagroAntigo.jpg --> www6.ufrgs.br /novo/images predioagroAntigo.jpg
109.04.27 09:26 B E:\novo\images\relogjava.gif --> www6.ufrgs.br /novo/images relogjava.gif
109.04.27 09:26 B E:\novo\images\rodape.jpg --> www6.ufrgs.br /novo/images rodape.jpg
109.04.27 09:26 B E:\novo\images\setaNoticias.gif --> www6.ufrgs.br /novo/images setaNoticias.gif
109.04.27 09:26 B E:\novo\images\setaNoticias.png --> www6.ufrgs.br /novo/images setaNoticias.png
109.04.27 09:26 B E:\novo\images\spacer.gif --> www6.ufrgs.br /novo/images spacer.gif
109.04.27 09:26 B E:\novo\images\Thumbs.db --> www6.ufrgs.br /novo/images Thumbs.db
109.04.27 09:26 B E:\novo\images\topoFundo.jpg --> www6.ufrgs.br /novo/images topoFundo.jpg
109.04.27 09:26 B E:\novo\images\topoFundoFoto.jpg --> www6.ufrgs.br /novo/images topoFundoFoto.jpg
109.04.27 09:26 B E:\novo\images\topoFundoFoto.png --> www6.ufrgs.br /novo/images topoFundoFoto.png
109.04.27 09:26 B E:\novo\images\topoFundoFoto2.jpg --> www6.ufrgs.br /novo/images topoFundoFoto2.jpg
109.04.27 09:26 B E:\novo\images\UFRGS logo fundo transparente GIF.gif --> www6.ufrgs.br /novo/images UFRGS logo fundo transparente GIF.gif
109.04.27 09:26 B E:\novo\images\ufrgsfundo.jpg --> www6.ufrgs.br /novo/images ufrgsfundo.jpg
109.04.27 09:26 B E:\novo\images\ufrgslogotr.gif --> www6.ufrgs.br /novo/images ufrgslogotr.gif
109.04.27 09:26 B E:\novo\images\ufrgslogotr2.gif --> www6.ufrgs.br /novo/images ufrgslogotr2.gif
109.04.27 09:26 B E:\novo\images\ufrgslogotr3.gif --> www6.ufrgs.br /novo/images ufrgslogotr3.gif
109.04.27 09:26 B E:\novo\images\ufrgslogotr3.htm --> www6.ufrgs.br /novo/images ufrgslogotr3.htm
109.04.27 09:26 B E:\novo\images\ufrgslogotr3.png --> www6.ufrgs.br /novo/images ufrgslogotr3.png
109.04.27 09:26 B E:\novo\images\ufrgslogotr3_r1_c1.gif --> www6.ufrgs.br /novo/images ufrgslogotr3_r1_c1.gif
109.04.27 09:26 B E:\novo\images\ufrgslogotr3_r1_c2.gif --> www6.ufrgs.br /novo/images ufrgslogotr3_r1_c2.gif
109.04.27 09:26 B E:\novo\images\ufrgslogotr3_r2_c2.gif --> www6.ufrgs.br /novo/images ufrgslogotr3_r2_c2.gif
109.04.27 09:26 B E:\novo\images\ufrgsmp550.gif --> www6.ufrgs.br /novo/images ufrgsmp550.gif
109.04.27 09:26 B E:\novo\images\ufrgsmp550px.jpg --> www6.ufrgs.br /novo/images ufrgsmp550px.jpg
109.04.27 09:26 B E:\novo\images\VNC_Diagram_V1_w800.JPG --> www6.ufrgs.br /novo/images VNC_Diagram_V1_w800.JPG
109.04.27 09:26 B E:\novo\images\WS_FTP.LOG --> www6.ufrgs.br /novo/images WS_FTP.LOG
109.06.08 12:24 B E:\novo\images\barraTitulo.gif --> www6.ufrgs.br /novo/images barraTitulo.gif
109.06.08 12:24 B E:\novo\images\botao_administracao.gif --> www6.ufrgs.br /novo/images botao_administracao.gif
109.06.08 12:24 B E:\novo\images\botao_administracao_mouseover.gif --> www6.ufrgs.br /novo/images botao_administracao_mouseover.gif
109.06.08 12:24 B E:\novo\images\botao_biblioteca.gif --> www6.ufrgs.br /novo/images botao_biblioteca.gif
109.06.08 12:24 B E:\novo\images\botao_biblioteca_mouseover.gif --> www6.ufrgs.br /novo/images botao_biblioteca_mouseover.gif
109.06.08 12:24 B E:\novo\images\botao_departamentos.gif --> www6.ufrgs.br /novo/images botao_departamentos.gif
109.06.08 12:24 B E:\novo\images\botao_departamentos_mouseover.gif --> www6.ufrgs.br /novo/images botao_departamentos_mouseover.gif
109.06.08 12:24 B E:\novo\images\botao_ensino.gif --> www6.ufrgs.br /novo/images botao_ensino.gif
109.06.08 12:24 B E:\novo\images\botao_ensino_mouseover.gif --> www6.ufrgs.br /novo/images botao_ensino_mouseover.gif
109.06.08 12:24 B E:\novo\images\botao_laboratorios.gif --> www6.ufrgs.br /novo/images botao_laboratorios.gif
109.06.08 12:24 B E:\novo\images\botao_laboratorios_mouseover.gif --> www6.ufrgs.br /novo/images botao_laboratorios_mouseover.gif
109.06.08 12:24 B E:\novo\images\botao_pesquisa.gif --> www6.ufrgs.br /novo/images botao_pesquisa.gif
109.06.08 12:24 B E:\novo\images\botao_pesquisa_mouseover.gif --> www6.ufrgs.br /novo/images botao_pesquisa_mouseover.gif
109.06.08 12:24 B E:\novo\images\botao_portal.gif --> www6.ufrgs.br /novo/images botao_portal.gif
109.06.08 12:24 B E:\novo\images\botao_portal_mouseover.gif --> www6.ufrgs.br /novo/images botao_portal_mouseover.gif
109.06.08 12:24 B E:\novo\images\contace.gif --> www6.ufrgs.br /novo/images contace.gif
109.06.08 12:24 B E:\novo\images\contcie.gif --> www6.ufrgs.br /novo/images contcie.gif
109.06.08 12:24 B E:\novo\images\conteudo.gif --> www6.ufrgs.br /novo/images conteudo.gif
109.06.08 12:24 B E:\novo\images\datajava.gif --> www6.ufrgs.br /novo/images datajava.gif
109.06.08 12:24 B E:\novo\images\DSC01114.JPG --> www6.ufrgs.br /novo/images DSC01114.JPG
109.06.08 12:24 B E:\novo\images\DSC01118.JPG --> www6.ufrgs.br /novo/images DSC01118.JPG
109.06.08 12:24 B E:\novo\images\DSC01119.JPG --> www6.ufrgs.br /novo/images DSC01119.JPG
109.06.08 12:24 B E:\novo\images\endfa.gif --> www6.ufrgs.br /novo/images endfa.gif
109.06.08 12:24 B E:\novo\images\estacaoagronomica.jpg --> www6.ufrgs.br /novo/images estacaoagronomica.jpg
109.06.08 12:24 B E:\novo\images\foto1990.jpg --> www6.ufrgs.br /novo/images foto1990.jpg
109.06.08 12:24 B E:\novo\images\fotoarrumada.jpg --> www6.ufrgs.br /novo/images fotoarrumada.jpg
109.06.08 12:24 B E:\novo\images\fotofaat.psd --> www6.ufrgs.br /novo/images fotofaat.psd
109.06.08 12:24 B E:\novo\images\fotoflash.gif --> www6.ufrgs.br /novo/images fotoflash.gif
109.06.08 12:24 B E:\novo\images\fundo_botoes.gif --> www6.ufrgs.br /novo/images fundo_botoes.gif
109.06.08 12:24 B E:\novo\images\fundo_menu.png --> www6.ufrgs.br /novo/images fundo_menu.png
109.06.08 12:24 B E:\novo\images\fundomural.gif --> www6.ufrgs.br /novo/images fundomural.gif
109.06.08 12:24 B E:\novo\images\fundomural_out.gif --> www6.ufrgs.br /novo/images fundomural_out.gif
109.06.08 12:24 B E:\novo\images\fundomural_over.gif --> www6.ufrgs.br /novo/images fundomural_over.gif
109.06.08 12:24 B E:\novo\images\grupo.psd --> www6.ufrgs.br /novo/images grupo.psd
109.06.08 12:24 B E:\novo\images\linha_hr.jpg --> www6.ufrgs.br /novo/images linha_hr.jpg
109.06.08 12:24 B E:\novo\images\logofa.gif --> www6.ufrgs.br /novo/images logofa.gif
109.06.08 12:24 B E:\novo\images\logofa.psd --> www6.ufrgs.br /novo/images logofa.psd
109.06.08 12:24 B E:\novo\images\logointranetfa.jpg --> www6.ufrgs.br /novo/images logointranetfa.jpg
109.06.08 12:24 B E:\novo\images\logointranetfaculdadeagro.png --> www6.ufrgs.br /novo/images logointranetfaculdadeagro.png
109.06.08 12:24 B E:\novo\images\logointranetfaculdadeagro2.png --> www6.ufrgs.br /novo/images logointranetfaculdadeagro2.png
109.06.08 12:24 B E:\novo\images\logointranetfaculdadeagro3.png --> www6.ufrgs.br /novo/images logointranetfaculdadeagro3.png
109.06.08 12:24 B E:\novo\images\logoufrgs.gif --> www6.ufrgs.br /novo/images logoufrgs.gif
109.06.08 12:24 B E:\novo\images\logoufrgs.png --> www6.ufrgs.br /novo/images logoufrgs.png
109.06.08 12:24 B E:\novo\images\menubib.gif --> www6.ufrgs.br /novo/images menubib.gif
109.06.08 12:24 B E:\novo\images\menucont.gif --> www6.ufrgs.br /novo/images menucont.gif
109.06.08 12:24 B E:\novo\images\menudep.gif --> www6.ufrgs.br /novo/images menudep.gif
109.06.08 12:24 B E:\novo\images\menuEsq.jpg --> www6.ufrgs.br /novo/images menuEsq.jpg
109.06.08 12:24 B E:\novo\images\menuEsq.png --> www6.ufrgs.br /novo/images menuEsq.png
109.06.08 12:24 B E:\novo\images\menuEsq1.gif --> www6.ufrgs.br /novo/images menuEsq1.gif
109.06.08 12:24 B E:\novo\images\menuEsq1.jpg --> www6.ufrgs.br /novo/images menuEsq1.jpg
109.06.08 12:24 B E:\novo\images\menuEsq2.gif --> www6.ufrgs.br /novo/images menuEsq2.gif
109.06.08 12:24 B E:\novo\images\menuEsq2.jpg --> www6.ufrgs.br /novo/images menuEsq2.jpg
109.06.08 12:24 B E:\novo\images\menuEsq3.gif --> www6.ufrgs.br /novo/images menuEsq3.gif
109.06.08 12:24 B E:\novo\images\menuEsq3.jpg --> www6.ufrgs.br /novo/images menuEsq3.jpg
109.06.08 12:24 B E:\novo\images\menuEsq4.gif --> www6.ufrgs.br /novo/images menuEsq4.gif
109.06.08 12:24 B E:\novo\images\menuEsq4.jpg --> www6.ufrgs.br /novo/images menuEsq4.jpg
109.06.08 12:24 B E:\novo\images\menuEsq5.gif --> www6.ufrgs.br /novo/images menuEsq5.gif
109.06.08 12:24 B E:\novo\images\menuEsq5.jpg --> www6.ufrgs.br /novo/images menuEsq5.jpg
109.06.08 12:24 B E:\novo\images\menugrad.gif --> www6.ufrgs.br /novo/images menugrad.gif
109.06.08 12:24 B E:\novo\images\menuinst.gif --> www6.ufrgs.br /novo/images menuinst.gif
109.06.08 12:24 B E:\novo\images\menuintra.gif --> www6.ufrgs.br /novo/images menuintra.gif
109.06.08 12:24 B E:\novo\images\menulab.gif --> www6.ufrgs.br /novo/images menulab.gif
109.06.08 12:24 B E:\novo\images\menupes.gif --> www6.ufrgs.br /novo/images menupes.gif
109.06.08 12:24 B E:\novo\images\menupg.gif --> www6.ufrgs.br /novo/images menupg.gif
109.06.08 12:24 B E:\novo\images\menuseg.gif --> www6.ufrgs.br /novo/images menuseg.gif
109.06.08 12:24 B E:\novo\images\menuSupFundo.gif --> www6.ufrgs.br /novo/images menuSupFundo.gif
109.06.08 12:24 B E:\novo\images\menuSupFundo.jpg --> www6.ufrgs.br /novo/images menuSupFundo.jpg
109.06.08 12:24 B E:\novo\images\menuSupFundo.png --> www6.ufrgs.br /novo/images menuSupFundo.png
109.06.08 12:24 B E:\novo\images\menuSupFundo2.jpg --> www6.ufrgs.br /novo/images menuSupFundo2.jpg
109.06.08 12:24 B E:\novo\images\menuSupFundoMenus.jpg --> www6.ufrgs.br /novo/images menuSupFundoMenus.jpg
109.06.08 12:24 B E:\novo\images\menuSupLinhaDivisoria.jpg --> www6.ufrgs.br /novo/images menuSupLinhaDivisoria.jpg
109.06.08 12:24 B E:\novo\images\NAME.JPG --> www6.ufrgs.br /novo/images NAME.JPG
109.06.08 12:24 B E:\novo\images\ninfa-logo-ideia3.jpg --> www6.ufrgs.br /novo/images ninfa-logo-ideia3.jpg
109.06.08 12:24 B E:\novo\images\p1910.jpg --> www6.ufrgs.br /novo/images p1910.jpg
109.06.08 12:24 B E:\novo\images\predioagroAntigo.jpg --> www6.ufrgs.br /novo/images predioagroAntigo.jpg
109.06.08 12:24 B E:\novo\images\relogjava.gif --> www6.ufrgs.br /novo/images relogjava.gif
109.06.08 12:24 B E:\novo\images\rodape.jpg --> www6.ufrgs.br /novo/images rodape.jpg
109.06.08 12:24 B E:\novo\images\setaNoticias.gif --> www6.ufrgs.br /novo/images setaNoticias.gif
109.06.08 12:24 B E:\novo\images\setaNoticias.png --> www6.ufrgs.br /novo/images setaNoticias.png
109.06.08 12:24 B E:\novo\images\spacer.gif --> www6.ufrgs.br /novo/images spacer.gif
109.06.08 12:24 B E:\novo\images\Thumbs.db --> www6.ufrgs.br /novo/images Thumbs.db
109.06.08 12:24 B E:\novo\images\topoFundo.jpg --> www6.ufrgs.br /novo/images topoFundo.jpg
109.06.08 12:24 B E:\novo\images\topoFundoFoto.jpg --> www6.ufrgs.br /novo/images topoFundoFoto.jpg
109.06.08 12:24 B E:\novo\images\topoFundoFoto.png --> www6.ufrgs.br /novo/images topoFundoFoto.png
109.06.08 12:24 B E:\novo\images\topoFundoFoto2.jpg --> www6.ufrgs.br /novo/images topoFundoFoto2.jpg
109.06.08 12:24 B E:\novo\images\UFRGS logo fundo transparente GIF.gif --> www6.ufrgs.br /novo/images UFRGS logo fundo transparente GIF.gif
109.06.08 12:24 B E:\novo\images\ufrgsfundo.jpg --> www6.ufrgs.br /novo/images ufrgsfundo.jpg
109.06.08 12:24 B E:\novo\images\ufrgslogotr.gif --> www6.ufrgs.br /novo/images ufrgslogotr.gif
109.06.08 12:24 B E:\novo\images\ufrgslogotr2.gif --> www6.ufrgs.br /novo/images ufrgslogotr2.gif
109.06.08 12:24 B E:\novo\images\ufrgslogotr3.gif --> www6.ufrgs.br /novo/images ufrgslogotr3.gif
109.06.08 12:24 B E:\novo\images\ufrgslogotr3.htm --> www6.ufrgs.br /novo/images ufrgslogotr3.htm
109.06.08 12:24 B E:\novo\images\ufrgslogotr3.png --> www6.ufrgs.br /novo/images ufrgslogotr3.png
109.06.08 12:24 B E:\novo\images\ufrgslogotr3_r1_c1.gif --> www6.ufrgs.br /novo/images ufrgslogotr3_r1_c1.gif
109.06.08 12:24 B E:\novo\images\ufrgslogotr3_r1_c2.gif --> www6.ufrgs.br /novo/images ufrgslogotr3_r1_c2.gif
109.06.08 12:24 B E:\novo\images\ufrgslogotr3_r2_c2.gif --> www6.ufrgs.br /novo/images ufrgslogotr3_r2_c2.gif
109.06.08 12:24 B E:\novo\images\ufrgsmp550.gif --> www6.ufrgs.br /novo/images ufrgsmp550.gif
109.06.08 12:24 B E:\novo\images\ufrgsmp550px.jpg --> www6.ufrgs.br /novo/images ufrgsmp550px.jpg
109.06.08 12:24 B E:\novo\images\VNC_Diagram_V1_w800.JPG --> www6.ufrgs.br /novo/images VNC_Diagram_V1_w800.JPG
